#
# There is insufficient memory for the Java Runtime Environment to continue.
# Native memory allocation (mmap) failed to map 135266304 bytes for G1 virtual space
# Possible reasons:
#   The system is out of physical RAM or swap space
#   The process is running with CompressedOops enabled, and the Java Heap may be blocking the growth of the native heap
# Possible solutions:
#   Reduce memory load on the system
#   Increase physical memory or swap space
#   Check if swap backing store is full
#   Decrease Java heap size (-Xmx/-Xms)
#   Decrease number of Java threads
#   Decrease Java thread stack sizes (-Xss)
#   Set larger code cache with -XX:ReservedCodeCacheSize=
#   JVM is running with Unscaled Compressed Oops mode in which the Java heap is
#     placed in the first 4GB address space. The Java Heap base address is the
#     maximum limit for the native heap growth. Please use -XX:HeapBaseMinAddress
#     to set the Java Heap base and to place the Java Heap above 4GB virtual address.
# This output file may be truncated or incomplete.
#
#  Out of Memory Error (os_windows.cpp:3548), pid=10400, tid=18680
#
# JRE version: Java(TM) SE Runtime Environment (17.0.12+8) (build 17.0.12+8-LTS-286)
# Java VM: Java HotSpot(TM) 64-Bit Server VM (17.0.12+8-LTS-286, mixed mode, sharing, tiered, compressed oops, compressed class ptrs, g1 gc, windows-amd64)
# No core dump will be written. Minidumps are not enabled by default on client versions of Windows
#

---------------  S U M M A R Y ------------

Command Line: --add-opens=java.base/java.lang=ALL-UNNAMED --add-opens=java.base/java.lang.invoke=ALL-UNNAMED --add-opens=java.base/java.util=ALL-UNNAMED --add-opens=java.prefs/java.util.prefs=ALL-UNNAMED --add-exports=jdk.compiler/com.sun.tools.javac.api=ALL-UNNAMED --add-exports=jdk.compiler/com.sun.tools.javac.util=ALL-UNNAMED --add-opens=java.base/java.util=ALL-UNNAMED --add-opens=java.prefs/java.util.prefs=ALL-UNNAMED --add-opens=java.base/java.nio.charset=ALL-UNNAMED --add-opens=java.base/java.net=ALL-UNNAMED --add-opens=java.base/java.util.concurrent=ALL-UNNAMED --add-opens=java.base/java.util.concurrent.atomic=ALL-UNNAMED --add-opens=java.xml/javax.xml.namespace=ALL-UNNAMED -XX:MaxMetaspaceSize=512m -Xmx2048m -Dfile.encoding=windows-1252 -Duser.country=US -Duser.language=en -Duser.variant -javaagent:C:\Users\husuk\.gradle\wrapper\dists\gradle-9.0.0-bin\d6wjpkvcgsg3oed0qlfss3wgl\gradle-9.0.0\lib\agents\gradle-instrumentation-agent-9.0.0.jar org.gradle.launcher.daemon.bootstrap.GradleDaemon 9.0.0

Host: 11th Gen Intel(R) Core(TM) i5-1135G7 @ 2.40GHz, 8 cores, 7G,  Windows 11 , 64 bit Build 26100 (10.0.26100.7920)
Time: Thu Apr  9 13:08:31 2026 India Standard Time elapsed time: 34.401544 seconds (0d 0h 0m 34s)

---------------  T H R E A D  ---------------

Current thread (0x00000286d1380740):  VMThread "VM Thread" [stack: 0x000000ab41500000,0x000000ab41600000] [id=18680]

Stack: [0x000000ab41500000,0x000000ab41600000]
Native frames: (J=compiled Java code, j=interpreted, Vv=VM code, C=native code)
V  [jvm.dll+0x67a04a]
V  [jvm.dll+0x7da4ed]
V  [jvm.dll+0x7dbe33]
V  [jvm.dll+0x7dc4a3]
V  [jvm.dll+0x24508f]
V  [jvm.dll+0x677089]
V  [jvm.dll+0x66bd32]
V  [jvm.dll+0x301fa6]
V  [jvm.dll+0x309546]
V  [jvm.dll+0x359d2e]
V  [jvm.dll+0x359f5f]
V  [jvm.dll+0x2d9078]
V  [jvm.dll+0x2d74ad]
V  [jvm.dll+0x2d6afc]
V  [jvm.dll+0x31a65b]
V  [jvm.dll+0x7e0d9b]
V  [jvm.dll+0x7e1ad4]
V  [jvm.dll+0x7e1fed]
V  [jvm.dll+0x7e23c4]
V  [jvm.dll+0x7e2490]
V  [jvm.dll+0x78abea]
V  [jvm.dll+0x678f35]
C  [ucrtbase.dll+0x37b0]
C  [KERNEL32.DLL+0x2e8d7]
C  [ntdll.dll+0x8c48c]

VM_Operation (0x000000ab45cfd5a0): G1CollectForAllocation, mode: safepoint, requested by thread 0x00000286f1bdc620


---------------  P R O C E S S  ---------------

Threads class SMR info:
_java_thread_list=0x00000286f74a8550, length=138, elements={
0x00000286b11d9010, 0x00000286d1384c60, 0x00000286d13862a0, 0x00000286d139d5c0,
0x00000286d139fea0, 0x00000286d13a12e0, 0x00000286d13a2720, 0x00000286d13a8a20,
0x00000286d13b6900, 0x00000286d13b9da0, 0x00000286d15d4b40, 0x00000286d167e650,
0x00000286f118e4f0, 0x00000286f107f4f0, 0x00000286f2467530, 0x00000286f29e0840,
0x00000286f28dbdf0, 0x00000286f29480d0, 0x00000286f2947bc0, 0x00000286f2946780,
0x00000286f2945850, 0x00000286f29485e0, 0x00000286f2948af0, 0x00000286f2949000,
0x00000286f2945d60, 0x00000286f2946270, 0x00000286f2946c90, 0x00000286f29471a0,
0x00000286f29476b0, 0x00000286f45ece00, 0x00000286f45edd30, 0x00000286f45ef680,
0x00000286f45ed310, 0x00000286f45ec8f0, 0x00000286f45ee240, 0x00000286f45ee750,
0x00000286f45f00a0, 0x00000286f45f0ac0, 0x00000286f45ef170, 0x00000286f45efb90,
0x00000286f45f05b0, 0x00000286f45f0fd0, 0x00000286f45ed820, 0x00000286f45f19f0,
0x00000286f45f2920, 0x00000286f45f3340, 0x00000286f45f2e30, 0x00000286f45f1f00,
0x00000286f45f3850, 0x00000286f45f2410, 0x00000286f45f14e0, 0x00000286f45f3d60,
0x00000286f45f4270, 0x00000286f1bdd040, 0x00000286f1bdacd0, 0x00000286f1bd9da0,
0x00000286f1bdb6f0, 0x00000286f1bdbc00, 0x00000286f1bdb1e0, 0x00000286f1bdc110,
0x00000286f1bdc620, 0x00000286f1bdcb30, 0x00000286f1bdd550, 0x00000286f1bdda60,
0x00000286f1bde480, 0x00000286f1be02e0, 0x00000286f1bde990, 0x00000286f1bdf3b0,
0x00000286f1bdeea0, 0x00000286f1bdf8c0, 0x00000286f1bdfdd0, 0x00000286f1be1210,
0x00000286f40f8930, 0x00000286f40fc0e0, 0x00000286f40fbbd0, 0x00000286f40fb6c0,
0x00000286f40fc5f0, 0x00000286f40fb1b0, 0x00000286f40faca0, 0x00000286f40f8e40,
0x00000286f40fa790, 0x00000286f40fcb00, 0x00000286f40f9350, 0x00000286f40fd010,
0x00000286f40f9860, 0x00000286f40fd520, 0x00000286f40f9d70, 0x00000286f40fda30,
0x00000286f40fa280, 0x00000286f40fdf40, 0x00000286f40fe450, 0x00000286f40ffda0,
0x00000286f40fe960, 0x00000286f40fee70, 0x00000286f40ff380, 0x00000286f41002b0,
0x00000286f40ff890, 0x00000286f47002f0, 0x00000286f4701c40, 0x00000286f4700800,
0x00000286f46ff8d0, 0x00000286f4700d10, 0x00000286f46fe9a0, 0x00000286f46ff3c0,
0x00000286f46ffde0, 0x00000286f4702660, 0x00000286f46feeb0, 0x00000286f4703590,
0x00000286f4702150, 0x00000286f4702b70, 0x00000286f4703080, 0x00000286f47044c0,
0x00000286f47049d0, 0x00000286f4703fb0, 0x00000286f4703aa0, 0x00000286f4704ee0,
0x00000286f4701730, 0x00000286f47053f0, 0x00000286f4706320, 0x00000286f4705900,
0x00000286f4705e10, 0x00000286f5955db0, 0x00000286f5955390, 0x00000286f59558a0,
0x00000286f5954e80, 0x00000286f5959050, 0x00000286f59567d0, 0x00000286f5956ce0,
0x00000286f5958120, 0x00000286f5958630, 0x00000286f59571f0, 0x00000286f5958b40,
0x00000286f5957700, 0x00000286f5959560, 0x00000286f59562c0, 0x00000286f595b8d0,
0x00000286f595a9a0, 0x00000286f595c800
}

Java Threads: ( => current thread )
  0x00000286b11d9010 JavaThread "main" [_thread_blocked, id=23840, stack(0x000000ab40f00000,0x000000ab41000000)]
  0x00000286d1384c60 JavaThread "Reference Handler" daemon [_thread_blocked, id=16736, stack(0x000000ab41600000,0x000000ab41700000)]
  0x00000286d13862a0 JavaThread "Finalizer" daemon [_thread_blocked, id=10828, stack(0x000000ab41700000,0x000000ab41800000)]
  0x00000286d139d5c0 JavaThread "Signal Dispatcher" daemon [_thread_blocked, id=6276, stack(0x000000ab41800000,0x000000ab41900000)]
  0x00000286d139fea0 JavaThread "Attach Listener" daemon [_thread_blocked, id=22068, stack(0x000000ab41900000,0x000000ab41a00000)]
  0x00000286d13a12e0 JavaThread "Service Thread" daemon [_thread_blocked, id=22656, stack(0x000000ab41a00000,0x000000ab41b00000)]
  0x00000286d13a2720 JavaThread "Monitor Deflation Thread" daemon [_thread_blocked, id=20596, stack(0x000000ab41b00000,0x000000ab41c00000)]
  0x00000286d13a8a20 JavaThread "C2 CompilerThread0" daemon [_thread_blocked, id=1204, stack(0x000000ab41c00000,0x000000ab41d00000)]
  0x00000286d13b6900 JavaThread "C1 CompilerThread0" daemon [_thread_blocked, id=3812, stack(0x000000ab41d00000,0x000000ab41e00000)]
  0x00000286d13b9da0 JavaThread "Sweeper thread" daemon [_thread_blocked, id=18596, stack(0x000000ab41e00000,0x000000ab41f00000)]
  0x00000286d15d4b40 JavaThread "Common-Cleaner" daemon [_thread_blocked, id=22484, stack(0x000000ab41f00000,0x000000ab42000000)]
  0x00000286d167e650 JavaThread "Notification Thread" daemon [_thread_blocked, id=23016, stack(0x000000ab42000000,0x000000ab42100000)]
  0x00000286f118e4f0 JavaThread "Daemon health stats" [_thread_blocked, id=22044, stack(0x000000ab42800000,0x000000ab42900000)]
  0x00000286f107f4f0 JavaThread "Incoming local TCP Connector on port 62600" [_thread_in_native, id=6780, stack(0x000000ab42900000,0x000000ab42a00000)]
  0x00000286f2467530 JavaThread "Daemon periodic checks" [_thread_blocked, id=3596, stack(0x000000ab42a00000,0x000000ab42b00000)]
  0x00000286f29e0840 JavaThread "Daemon" [_thread_blocked, id=15672, stack(0x000000ab42b00000,0x000000ab42c00000)]
  0x00000286f28dbdf0 JavaThread "Handler for socket connection from /127.0.0.1:62600 to /127.0.0.1:62601" [_thread_in_native, id=14076, stack(0x000000ab42c00000,0x000000ab42d00000)]
  0x00000286f29480d0 JavaThread "Cancel handler" [_thread_blocked, id=14664, stack(0x000000ab42d00000,0x000000ab42e00000)]
  0x00000286f2947bc0 JavaThread "Daemon worker" [_thread_blocked, id=5152, stack(0x000000ab42e00000,0x000000ab42f00000)]
  0x00000286f2946780 JavaThread "Asynchronous log dispatcher for DefaultDaemonConnection: socket connection from /127.0.0.1:62600 to /127.0.0.1:62601" [_thread_blocked, id=11224, stack(0x000000ab42f00000,0x000000ab43000000)]
  0x00000286f2945850 JavaThread "Stdin handler" [_thread_blocked, id=18052, stack(0x000000ab43000000,0x000000ab43100000)]
  0x00000286f29485e0 JavaThread "Daemon client event forwarder" [_thread_blocked, id=16976, stack(0x000000ab43100000,0x000000ab43200000)]
  0x00000286f2948af0 JavaThread "Cache worker for journal cache (C:\Users\husuk\.gradle\caches\journal-1)" [_thread_blocked, id=15832, stack(0x000000ab42200000,0x000000ab42300000)]
  0x00000286f2949000 JavaThread "File lock request listener" [_thread_in_native, id=11824, stack(0x000000ab43200000,0x000000ab43300000)]
  0x00000286f2945d60 JavaThread "Cache worker for file hash cache (C:\Users\husuk\.gradle\caches\9.0.0\fileHashes)" [_thread_blocked, id=20168, stack(0x000000ab43300000,0x000000ab43400000)]
  0x00000286f2946270 JavaThread "Cache worker for file hash cache (D:\Android Proect DW Inovation Fainal\Dance_Studio\MyApp\android\.gradle\9.0.0\fileHashes)" [_thread_blocked, id=6032, stack(0x000000ab43900000,0x000000ab43a00000)]
  0x00000286f2946c90 JavaThread "Cache worker for Build Output Cleanup Cache (D:\Android Proect DW Inovation Fainal\Dance_Studio\MyApp\android\.gradle\buildOutputCleanup)" [_thread_blocked, id=9128, stack(0x000000ab43700000,0x000000ab43800000)]
  0x00000286f29471a0 JavaThread "File watcher server" daemon [_thread_in_native, id=10768, stack(0x000000ab43b00000,0x000000ab43c00000)]
  0x00000286f29476b0 JavaThread "File watcher consumer" daemon [_thread_blocked, id=23992, stack(0x000000ab43c00000,0x000000ab43d00000)]
  0x00000286f45ece00 JavaThread "Cache worker for checksums cache (D:\Android Proect DW Inovation Fainal\Dance_Studio\MyApp\android\.gradle\9.0.0\checksums)" [_thread_blocked, id=24368, stack(0x000000ab43d00000,0x000000ab43e00000)]
  0x00000286f45edd30 JavaThread "Cache worker for file content cache (C:\Users\husuk\.gradle\caches\9.0.0\fileContent)" [_thread_blocked, id=19132, stack(0x000000ab43a00000,0x000000ab43b00000)]
  0x00000286f45ef680 JavaThread "Cache worker for cache directory md-supplier (C:\Users\husuk\.gradle\caches\9.0.0\md-supplier)" [_thread_blocked, id=23220, stack(0x000000ab43f00000,0x000000ab44000000)]
  0x00000286f45ed310 JavaThread "Cache worker for cache directory md-rule (C:\Users\husuk\.gradle\caches\9.0.0\md-rule)" [_thread_blocked, id=18084, stack(0x000000ab44000000,0x000000ab44100000)]
  0x00000286f45ec8f0 JavaThread "jar transforms" [_thread_blocked, id=4472, stack(0x000000ab44100000,0x000000ab44200000)]
  0x00000286f45ee240 JavaThread "Cache worker for Build Output Cleanup Cache (D:\Android Proect DW Inovation Fainal\Dance_Studio\MyApp\node_modules\@react-native\gradle-plugin\.gradle\buildOutputCleanup)" [_thread_blocked, id=18400, stack(0x000000ab44200000,0x000000ab44300000)]
  0x00000286f45ee750 JavaThread "Unconstrained build operations" [_thread_blocked, id=652, stack(0x000000ab44300000,0x000000ab44400000)]
  0x00000286f45f00a0 JavaThread "Unconstrained build operations Thread 2" [_thread_blocked, id=9968, stack(0x000000ab44400000,0x000000ab44500000)]
  0x00000286f45f0ac0 JavaThread "Unconstrained build operations Thread 3" [_thread_blocked, id=11840, stack(0x000000ab44500000,0x000000ab44600000)]
  0x00000286f45ef170 JavaThread "Unconstrained build operations Thread 4" [_thread_blocked, id=21656, stack(0x000000ab44600000,0x000000ab44700000)]
  0x00000286f45efb90 JavaThread "Unconstrained build operations Thread 5" [_thread_blocked, id=12712, stack(0x000000ab44700000,0x000000ab44800000)]
  0x00000286f45f05b0 JavaThread "Unconstrained build operations Thread 6" [_thread_blocked, id=18608, stack(0x000000ab44800000,0x000000ab44900000)]
  0x00000286f45f0fd0 JavaThread "Unconstrained build operations Thread 7" [_thread_blocked, id=21928, stack(0x000000ab44900000,0x000000ab44a00000)]
  0x00000286f45ed820 JavaThread "Unconstrained build operations Thread 8" [_thread_blocked, id=4292, stack(0x000000ab44a00000,0x000000ab44b00000)]
  0x00000286f45f19f0 JavaThread "Unconstrained build operations Thread 9" [_thread_blocked, id=22296, stack(0x000000ab44b00000,0x000000ab44c00000)]
  0x00000286f45f2920 JavaThread "Unconstrained build operations Thread 10" [_thread_blocked, id=12080, stack(0x000000ab44c00000,0x000000ab44d00000)]
  0x00000286f45f3340 JavaThread "Unconstrained build operations Thread 11" [_thread_blocked, id=16992, stack(0x000000ab44d00000,0x000000ab44e00000)]
  0x00000286f45f2e30 JavaThread "Unconstrained build operations Thread 12" [_thread_blocked, id=23944, stack(0x000000ab44e00000,0x000000ab44f00000)]
  0x00000286f45f1f00 JavaThread "Unconstrained build operations Thread 13" [_thread_blocked, id=23192, stack(0x000000ab44f00000,0x000000ab45000000)]
  0x00000286f45f3850 JavaThread "Unconstrained build operations Thread 14" [_thread_blocked, id=23000, stack(0x000000ab45000000,0x000000ab45100000)]
  0x00000286f45f2410 JavaThread "Unconstrained build operations Thread 15" [_thread_blocked, id=23556, stack(0x000000ab45100000,0x000000ab45200000)]
  0x00000286f45f14e0 JavaThread "Unconstrained build operations Thread 16" [_thread_blocked, id=16396, stack(0x000000ab45200000,0x000000ab45300000)]
  0x00000286f45f3d60 JavaThread "Unconstrained build operations Thread 17" [_thread_blocked, id=21560, stack(0x000000ab45300000,0x000000ab45400000)]
  0x00000286f45f4270 JavaThread "Unconstrained build operations Thread 18" [_thread_blocked, id=18812, stack(0x000000ab45400000,0x000000ab45500000)]
  0x00000286f1bdd040 JavaThread "Unconstrained build operations Thread 19" [_thread_blocked, id=2916, stack(0x000000ab45500000,0x000000ab45600000)]
  0x00000286f1bdacd0 JavaThread "Unconstrained build operations Thread 20" [_thread_blocked, id=15588, stack(0x000000ab45600000,0x000000ab45700000)]
  0x00000286f1bd9da0 JavaThread "Unconstrained build operations Thread 21" [_thread_blocked, id=20352, stack(0x000000ab45700000,0x000000ab45800000)]
  0x00000286f1bdb6f0 JavaThread "Unconstrained build operations Thread 22" [_thread_blocked, id=13284, stack(0x000000ab45800000,0x000000ab45900000)]
  0x00000286f1bdbc00 JavaThread "Unconstrained build operations Thread 23" [_thread_blocked, id=22604, stack(0x000000ab45900000,0x000000ab45a00000)]
  0x00000286f1bdb1e0 JavaThread "Unconstrained build operations Thread 24" [_thread_blocked, id=18636, stack(0x000000ab45a00000,0x000000ab45b00000)]
  0x00000286f1bdc110 JavaThread "Unconstrained build operations Thread 25" [_thread_blocked, id=12664, stack(0x000000ab45b00000,0x000000ab45c00000)]
  0x00000286f1bdc620 JavaThread "Unconstrained build operations Thread 26" [_thread_blocked, id=23216, stack(0x000000ab45c00000,0x000000ab45d00000)]
  0x00000286f1bdcb30 JavaThread "Unconstrained build operations Thread 27" [_thread_blocked, id=3644, stack(0x000000ab45d00000,0x000000ab45e00000)]
  0x00000286f1bdd550 JavaThread "build event listener" [_thread_blocked, id=19700, stack(0x000000ab45e00000,0x000000ab45f00000)]
  0x00000286f1bdda60 JavaThread "Memory manager" [_thread_blocked, id=23032, stack(0x000000ab45f00000,0x000000ab46000000)]
  0x00000286f1bde480 JavaThread "ForkJoinPool.commonPool-worker-1" daemon [_thread_blocked, id=7108, stack(0x000000ab46000000,0x000000ab46100000)]
  0x00000286f1be02e0 JavaThread "ForkJoinPool.commonPool-worker-2" daemon [_thread_blocked, id=11104, stack(0x000000ab46100000,0x000000ab46200000)]
  0x00000286f1bde990 JavaThread "ForkJoinPool.commonPool-worker-3" daemon [_thread_blocked, id=14852, stack(0x000000ab46200000,0x000000ab46300000)]
  0x00000286f1bdf3b0 JavaThread "ForkJoinPool.commonPool-worker-4" daemon [_thread_blocked, id=17800, stack(0x000000ab46300000,0x000000ab46400000)]
  0x00000286f1bdeea0 JavaThread "ForkJoinPool.commonPool-worker-5" daemon [_thread_blocked, id=11552, stack(0x000000ab46400000,0x000000ab46500000)]
  0x00000286f1bdf8c0 JavaThread "ForkJoinPool.commonPool-worker-6" daemon [_thread_blocked, id=20896, stack(0x000000ab46500000,0x000000ab46600000)]
  0x00000286f1bdfdd0 JavaThread "ForkJoinPool.commonPool-worker-7" daemon [_thread_blocked, id=20928, stack(0x000000ab46600000,0x000000ab46700000)]
  0x00000286f1be1210 JavaThread "Exec process" [_thread_blocked, id=21092, stack(0x000000ab46700000,0x000000ab46800000)]
  0x00000286f40f8930 JavaThread "Exec process Thread 2" [_thread_blocked, id=14912, stack(0x000000ab46800000,0x000000ab46900000)]
  0x00000286f40fc0e0 JavaThread "Exec process Thread 3" [_thread_blocked, id=22252, stack(0x000000ab46900000,0x000000ab46a00000)]
  0x00000286f40fbbd0 JavaThread "included builds" [_thread_blocked, id=15908, stack(0x000000ab46a00000,0x000000ab46b00000)]
  0x00000286f40fb6c0 JavaThread "Execution worker" [_thread_blocked, id=13748, stack(0x000000ab46b00000,0x000000ab46c00000)]
  0x00000286f40fc5f0 JavaThread "Execution worker Thread 2" [_thread_blocked, id=11504, stack(0x000000ab46c00000,0x000000ab46d00000)]
  0x00000286f40fb1b0 JavaThread "Execution worker Thread 3" [_thread_blocked, id=15216, stack(0x000000ab46d00000,0x000000ab46e00000)]
  0x00000286f40faca0 JavaThread "Execution worker Thread 4" [_thread_blocked, id=2940, stack(0x000000ab46e00000,0x000000ab46f00000)]
  0x00000286f40f8e40 JavaThread "Execution worker Thread 5" [_thread_blocked, id=12544, stack(0x000000ab46f00000,0x000000ab47000000)]
  0x00000286f40fa790 JavaThread "Execution worker Thread 6" [_thread_blocked, id=22448, stack(0x000000ab47000000,0x000000ab47100000)]
  0x00000286f40fcb00 JavaThread "Execution worker Thread 7" [_thread_blocked, id=23900, stack(0x000000ab47100000,0x000000ab47200000)]
  0x00000286f40f9350 JavaThread "Cache worker for execution history cache (D:\Android Proect DW Inovation Fainal\Dance_Studio\MyApp\node_modules\@react-native\gradle-plugin\.gradle\9.0.0\executionHistory)" [_thread_blocked, id=21244, stack(0x000000ab47200000,0x000000ab47300000)]
  0x00000286f40fd010 JavaThread "Unconstrained build operations Thread 28" [_thread_blocked, id=22440, stack(0x000000ab47300000,0x000000ab47400000)]
  0x00000286f40f9860 JavaThread "Unconstrained build operations Thread 29" [_thread_blocked, id=23696, stack(0x000000ab47400000,0x000000ab47500000)]
  0x00000286f40fd520 JavaThread "Unconstrained build operations Thread 30" [_thread_blocked, id=20256, stack(0x000000ab47500000,0x000000ab47600000)]
  0x00000286f40f9d70 JavaThread "Unconstrained build operations Thread 31" [_thread_blocked, id=21592, stack(0x000000ab47600000,0x000000ab47700000)]
  0x00000286f40fda30 JavaThread "Unconstrained build operations Thread 32" [_thread_blocked, id=8960, stack(0x000000ab47700000,0x000000ab47800000)]
  0x00000286f40fa280 JavaThread "Unconstrained build operations Thread 33" [_thread_blocked, id=12844, stack(0x000000ab47800000,0x000000ab47900000)]
  0x00000286f40fdf40 JavaThread "Unconstrained build operations Thread 34" [_thread_blocked, id=17604, stack(0x000000ab47900000,0x000000ab47a00000)]
  0x00000286f40fe450 JavaThread "Unconstrained build operations Thread 35" [_thread_blocked, id=17760, stack(0x000000ab47a00000,0x000000ab47b00000)]
  0x00000286f40ffda0 JavaThread "Unconstrained build operations Thread 36" [_thread_blocked, id=21508, stack(0x000000ab47b00000,0x000000ab47c00000)]
  0x00000286f40fe960 JavaThread "Unconstrained build operations Thread 37" [_thread_blocked, id=8016, stack(0x000000ab47c00000,0x000000ab47d00000)]
  0x00000286f40fee70 JavaThread "Unconstrained build operations Thread 38" [_thread_blocked, id=22524, stack(0x000000ab47d00000,0x000000ab47e00000)]
  0x00000286f40ff380 JavaThread "Unconstrained build operations Thread 39" [_thread_blocked, id=20564, stack(0x000000ab47e00000,0x000000ab47f00000)]
  0x00000286f41002b0 JavaThread "Unconstrained build operations Thread 40" [_thread_blocked, id=17324, stack(0x000000ab47f00000,0x000000ab48000000)]
  0x00000286f40ff890 JavaThread "Unconstrained build operations Thread 41" [_thread_blocked, id=7740, stack(0x000000ab48000000,0x000000ab48100000)]
  0x00000286f47002f0 JavaThread "Unconstrained build operations Thread 42" [_thread_blocked, id=23612, stack(0x000000ab48100000,0x000000ab48200000)]
  0x00000286f4701c40 JavaThread "Unconstrained build operations Thread 43" [_thread_blocked, id=9348, stack(0x000000ab48200000,0x000000ab48300000)]
  0x00000286f4700800 JavaThread "Unconstrained build operations Thread 44" [_thread_blocked, id=11284, stack(0x000000ab48300000,0x000000ab48400000)]
  0x00000286f46ff8d0 JavaThread "Unconstrained build operations Thread 45" [_thread_blocked, id=5324, stack(0x000000ab48400000,0x000000ab48500000)]
  0x00000286f4700d10 JavaThread "Unconstrained build operations Thread 46" [_thread_blocked, id=9792, stack(0x000000ab48500000,0x000000ab48600000)]
  0x00000286f46fe9a0 JavaThread "Unconstrained build operations Thread 47" [_thread_blocked, id=17092, stack(0x000000ab48600000,0x000000ab48700000)]
  0x00000286f46ff3c0 JavaThread "Unconstrained build operations Thread 48" [_thread_blocked, id=4200, stack(0x000000ab48700000,0x000000ab48800000)]
  0x00000286f46ffde0 JavaThread "Unconstrained build operations Thread 49" [_thread_blocked, id=22468, stack(0x000000ab48800000,0x000000ab48900000)]
  0x00000286f4702660 JavaThread "Unconstrained build operations Thread 50" [_thread_blocked, id=12120, stack(0x000000ab48900000,0x000000ab48a00000)]
  0x00000286f46feeb0 JavaThread "Unconstrained build operations Thread 51" [_thread_blocked, id=20612, stack(0x000000ab48a00000,0x000000ab48b00000)]
  0x00000286f4703590 JavaThread "Unconstrained build operations Thread 52" [_thread_blocked, id=15040, stack(0x000000ab48b00000,0x000000ab48c00000)]
  0x00000286f4702150 JavaThread "Unconstrained build operations Thread 53" [_thread_blocked, id=23116, stack(0x000000ab48c00000,0x000000ab48d00000)]
  0x00000286f4702b70 JavaThread "Unconstrained build operations Thread 54" [_thread_blocked, id=18412, stack(0x000000ab48d00000,0x000000ab48e00000)]
  0x00000286f4703080 JavaThread "Unconstrained build operations Thread 55" [_thread_blocked, id=17468, stack(0x000000ab48e00000,0x000000ab48f00000)]
  0x00000286f47044c0 JavaThread "Unconstrained build operations Thread 56" [_thread_blocked, id=17732, stack(0x000000ab48f00000,0x000000ab49000000)]
  0x00000286f47049d0 JavaThread "Unconstrained build operations Thread 57" [_thread_blocked, id=23636, stack(0x000000ab43e00000,0x000000ab43f00000)]
  0x00000286f4703fb0 JavaThread "Unconstrained build operations Thread 58" [_thread_blocked, id=12116, stack(0x000000ab49000000,0x000000ab49100000)]
  0x00000286f4703aa0 JavaThread "Unconstrained build operations Thread 59" [_thread_blocked, id=3404, stack(0x000000ab49100000,0x000000ab49200000)]
  0x00000286f4704ee0 JavaThread "Unconstrained build operations Thread 60" [_thread_blocked, id=19536, stack(0x000000ab49200000,0x000000ab49300000)]
  0x00000286f4701730 JavaThread "Unconstrained build operations Thread 61" [_thread_blocked, id=21404, stack(0x000000ab49300000,0x000000ab49400000)]
  0x00000286f47053f0 JavaThread "Unconstrained build operations Thread 62" [_thread_blocked, id=21696, stack(0x000000ab49400000,0x000000ab49500000)]
  0x00000286f4706320 JavaThread "Unconstrained build operations Thread 63" [_thread_blocked, id=19100, stack(0x000000ab49500000,0x000000ab49600000)]
  0x00000286f4705900 JavaThread "Unconstrained build operations Thread 64" [_thread_blocked, id=19420, stack(0x000000ab49600000,0x000000ab49700000)]
  0x00000286f4705e10 JavaThread "Unconstrained build operations Thread 65" [_thread_blocked, id=20652, stack(0x000000ab49700000,0x000000ab49800000)]
  0x00000286f5955db0 JavaThread "Unconstrained build operations Thread 66" [_thread_blocked, id=10500, stack(0x000000ab49800000,0x000000ab49900000)]
  0x00000286f5955390 JavaThread "Unconstrained build operations Thread 67" [_thread_blocked, id=9628, stack(0x000000ab49900000,0x000000ab49a00000)]
  0x00000286f59558a0 JavaThread "Unconstrained build operations Thread 68" [_thread_blocked, id=15208, stack(0x000000ab49a00000,0x000000ab49b00000)]
  0x00000286f5954e80 JavaThread "Unconstrained build operations Thread 69" [_thread_blocked, id=23460, stack(0x000000ab49b00000,0x000000ab49c00000)]
  0x00000286f5959050 JavaThread "Unconstrained build operations Thread 70" [_thread_blocked, id=14292, stack(0x000000ab49c00000,0x000000ab49d00000)]
  0x00000286f59567d0 JavaThread "Unconstrained build operations Thread 71" [_thread_blocked, id=8980, stack(0x000000ab49d00000,0x000000ab49e00000)]
  0x00000286f5956ce0 JavaThread "Unconstrained build operations Thread 72" [_thread_blocked, id=15008, stack(0x000000ab49e00000,0x000000ab49f00000)]
  0x00000286f5958120 JavaThread "Unconstrained build operations Thread 73" [_thread_blocked, id=24448, stack(0x000000ab49f00000,0x000000ab4a000000)]
  0x00000286f5958630 JavaThread "Unconstrained build operations Thread 74" [_thread_blocked, id=12468, stack(0x000000ab4a000000,0x000000ab4a100000)]
  0x00000286f59571f0 JavaThread "Unconstrained build operations Thread 75" [_thread_blocked, id=18852, stack(0x000000ab4a100000,0x000000ab4a200000)]
  0x00000286f5958b40 JavaThread "Unconstrained build operations Thread 76" [_thread_blocked, id=22936, stack(0x000000ab4a200000,0x000000ab4a300000)]
  0x00000286f5957700 JavaThread "Unconstrained build operations Thread 77" [_thread_blocked, id=24344, stack(0x000000ab4a300000,0x000000ab4a400000)]
  0x00000286f5959560 JavaThread "jar transforms Thread 2" [_thread_blocked, id=17212, stack(0x000000ab4a400000,0x000000ab4a500000)]
  0x00000286f59562c0 JavaThread "jar transforms Thread 3" [_thread_blocked, id=5056, stack(0x000000ab4a500000,0x000000ab4a600000)]
  0x00000286f595b8d0 JavaThread "Unconstrained build operations Thread 78" [_thread_blocked, id=16028, stack(0x000000ab4a700000,0x000000ab4a800000)]
  0x00000286f595a9a0 JavaThread "Unconstrained build operations Thread 79" [_thread_blocked, id=12184, stack(0x000000ab4a800000,0x000000ab4a900000)]
  0x00000286f595c800 JavaThread "Unconstrained build operations Thread 80" [_thread_blocked, id=14896, stack(0x000000ab4a900000,0x000000ab4aa00000)]

Other Threads:
=>0x00000286d1380740 VMThread "VM Thread" [stack: 0x000000ab41500000,0x000000ab41600000] [id=18680]
  0x00000286b1252b10 WatcherThread [stack: 0x000000ab42100000,0x000000ab42200000] [id=2188]
  0x00000286b12365d0 GCTaskThread "GC Thread#0" [stack: 0x000000ab41000000,0x000000ab41100000] [id=23416]
  0x00000286f1620260 GCTaskThread "GC Thread#1" [stack: 0x000000ab42300000,0x000000ab42400000] [id=17136]
  0x00000286f1202f40 GCTaskThread "GC Thread#2" [stack: 0x000000ab42400000,0x000000ab42500000] [id=17492]
  0x00000286f1364620 GCTaskThread "GC Thread#3" [stack: 0x000000ab42500000,0x000000ab42600000] [id=9576]
  0x00000286f13a48a0 GCTaskThread "GC Thread#4" [stack: 0x000000ab42600000,0x000000ab42700000] [id=17988]
  0x00000286f2b1da10 GCTaskThread "GC Thread#5" [stack: 0x000000ab43400000,0x000000ab43500000] [id=20296]
  0x00000286f3888020 GCTaskThread "GC Thread#6" [stack: 0x000000ab43500000,0x000000ab43600000] [id=1164]
  0x00000286f38882e0 GCTaskThread "GC Thread#7" [stack: 0x000000ab43600000,0x000000ab43700000] [id=20736]
  0x00000286b12472d0 ConcurrentGCThread "G1 Main Marker" [stack: 0x000000ab41100000,0x000000ab41200000] [id=18144]
  0x00000286b1248600 ConcurrentGCThread "G1 Conc#0" [stack: 0x000000ab41200000,0x000000ab41300000] [id=23024]
  0x00000286f3a572b0 ConcurrentGCThread "G1 Conc#1" [stack: 0x000000ab43800000,0x000000ab43900000] [id=24020]
  0x00000286b12975b0 ConcurrentGCThread "G1 Refine#0" [stack: 0x000000ab41300000,0x000000ab41400000] [id=15668]
  0x00000286d17db600 ConcurrentGCThread "G1 Refine#1" [stack: 0x000000ab42700000,0x000000ab42800000] [id=22636]
  0x00000286d12420d0 ConcurrentGCThread "G1 Service" [stack: 0x000000ab41400000,0x000000ab41500000] [id=11632]

Threads with active compile tasks:
C2 CompilerThread0    34486 11414       4       com.google.common.cache.LocalCache$Segment::expireEntries (113 bytes)

VM state: at safepoint (normal execution)

VM Mutex/Monitor currently owned by a thread:  ([mutex/lock_event])
[0x00000286b11d2bb0] Threads_lock - owner thread: 0x00000286d1380740
[0x00000286b11d1fe0] Heap_lock - owner thread: 0x00000286f1bdc620

Heap address: 0x0000000080000000, size: 2048 MB, Compressed Oops mode: 32-bit

CDS archive(s) mapped at: [0x00000286d2000000-0x00000286d2bd0000-0x00000286d2bd0000), size 12386304, SharedBaseAddress: 0x00000286d2000000, ArchiveRelocationMode: 1.
Compressed class space mapped at: 0x00000286d3000000-0x00000286ed000000, reserved size: 436207616
Narrow klass base: 0x00000286d2000000, Narrow klass shift: 0, Narrow klass range: 0x100000000

GC Precious Log:
 CPUs: 8 total, 8 available
 Memory: 7932M
 Large Page Support: Disabled
 NUMA Support: Disabled
 Compressed Oops: Enabled (32-bit)
 Heap Region Size: 1M
 Heap Min Capacity: 8M
 Heap Initial Capacity: 124M
 Heap Max Capacity: 2G
 Pre-touch: Disabled
 Parallel Workers: 8
 Concurrent Workers: 2
 Concurrent Refinement Workers: 8
 Periodic GC: Disabled

Heap:
 garbage-first heap   total 132096K, used 85764K [0x0000000080000000, 0x0000000100000000)
  region size 1024K, 3 young (3072K), 3 survivors (3072K)
 Metaspace       used 72892K, committed 73984K, reserved 491520K
  class space    used 10475K, committed 11008K, reserved 425984K

Heap Regions: E=young(eden), S=young(survivor), O=old, HS=humongous(starts), HC=humongous(continues), CS=collection set, F=free, OA=open archive, CA=closed archive, TAMS=top-at-mark-start (previous, next)
|   0|0x0000000080000000, 0x0000000080100000, 0x0000000080100000|100%|HS|  |TAMS 0x0000000080100000, 0x0000000080000000| Complete 
|   1|0x0000000080100000, 0x0000000080200000, 0x0000000080200000|100%|HC|  |TAMS 0x0000000080200000, 0x0000000080100000| Complete 
|   2|0x0000000080200000, 0x0000000080300000, 0x0000000080300000|100%|HC|  |TAMS 0x0000000080300000, 0x0000000080200000| Complete 
|   3|0x0000000080300000, 0x0000000080400000, 0x0000000080400000|100%| O|  |TAMS 0x0000000080400000, 0x0000000080300000| Untracked 
|   4|0x0000000080400000, 0x0000000080500000, 0x0000000080500000|100%| O|  |TAMS 0x0000000080500000, 0x0000000080400000| Untracked 
|   5|0x0000000080500000, 0x0000000080600000, 0x0000000080600000|100%| O|  |TAMS 0x0000000080600000, 0x0000000080500000| Untracked 
|   6|0x0000000080600000, 0x0000000080700000, 0x0000000080700000|100%|HS|  |TAMS 0x0000000080700000, 0x0000000080600000| Complete 
|   7|0x0000000080700000, 0x0000000080800000, 0x0000000080800000|100%| O|  |TAMS 0x0000000080800000, 0x0000000080700000| Untracked 
|   8|0x0000000080800000, 0x0000000080900000, 0x0000000080900000|100%| O|  |TAMS 0x0000000080900000, 0x0000000080800000| Untracked 
|   9|0x0000000080900000, 0x0000000080a00000, 0x0000000080a00000|100%| O|  |TAMS 0x0000000080a00000, 0x0000000080900000| Untracked 
|  10|0x0000000080a00000, 0x0000000080b00000, 0x0000000080b00000|100%| O|  |TAMS 0x0000000080b00000, 0x0000000080a00000| Untracked 
|  11|0x0000000080b00000, 0x0000000080c00000, 0x0000000080c00000|100%| O|  |TAMS 0x0000000080c00000, 0x0000000080b00000| Untracked 
|  12|0x0000000080c00000, 0x0000000080d00000, 0x0000000080d00000|100%| O|  |TAMS 0x0000000080d00000, 0x0000000080c00000| Untracked 
|  13|0x0000000080d00000, 0x0000000080e00000, 0x0000000080e00000|100%| O|  |TAMS 0x0000000080e00000, 0x0000000080d00000| Untracked 
|  14|0x0000000080e00000, 0x0000000080f00000, 0x0000000080f00000|100%| O|  |TAMS 0x0000000080f00000, 0x0000000080e00000| Untracked 
|  15|0x0000000080f00000, 0x0000000081000000, 0x0000000081000000|100%| O|  |TAMS 0x0000000081000000, 0x0000000080f00000| Untracked 
|  16|0x0000000081000000, 0x0000000081100000, 0x0000000081100000|100%| O|  |TAMS 0x0000000081100000, 0x0000000081000000| Untracked 
|  17|0x0000000081100000, 0x0000000081200000, 0x0000000081200000|100%| O|  |TAMS 0x0000000081200000, 0x0000000081100000| Untracked 
|  18|0x0000000081200000, 0x0000000081300000, 0x0000000081300000|100%| O|  |TAMS 0x0000000081300000, 0x0000000081200000| Untracked 
|  19|0x0000000081300000, 0x0000000081400000, 0x0000000081400000|100%| O|  |TAMS 0x0000000081400000, 0x0000000081300000| Untracked 
|  20|0x0000000081400000, 0x0000000081500000, 0x0000000081500000|100%| O|  |TAMS 0x0000000081500000, 0x0000000081400000| Untracked 
|  21|0x0000000081500000, 0x0000000081600000, 0x0000000081600000|100%| O|  |TAMS 0x0000000081600000, 0x0000000081500000| Untracked 
|  22|0x0000000081600000, 0x0000000081700000, 0x0000000081700000|100%| O|  |TAMS 0x0000000081700000, 0x0000000081600000| Untracked 
|  23|0x0000000081700000, 0x0000000081800000, 0x0000000081800000|100%| O|  |TAMS 0x0000000081800000, 0x0000000081700000| Untracked 
|  24|0x0000000081800000, 0x0000000081900000, 0x0000000081900000|100%| O|  |TAMS 0x0000000081900000, 0x0000000081800000| Untracked 
|  25|0x0000000081900000, 0x0000000081a00000, 0x0000000081a00000|100%| O|  |TAMS 0x0000000081a00000, 0x0000000081900000| Untracked 
|  26|0x0000000081a00000, 0x0000000081b00000, 0x0000000081b00000|100%| O|  |TAMS 0x0000000081b00000, 0x0000000081a00000| Untracked 
|  27|0x0000000081b00000, 0x0000000081c00000, 0x0000000081c00000|100%| O|  |TAMS 0x0000000081c00000, 0x0000000081b00000| Untracked 
|  28|0x0000000081c00000, 0x0000000081d00000, 0x0000000081d00000|100%| O|  |TAMS 0x0000000081d00000, 0x0000000081c00000| Untracked 
|  29|0x0000000081d00000, 0x0000000081e00000, 0x0000000081e00000|100%| O|  |TAMS 0x0000000081e00000, 0x0000000081d00000| Untracked 
|  30|0x0000000081e00000, 0x0000000081f00000, 0x0000000081f00000|100%| O|  |TAMS 0x0000000081f00000, 0x0000000081e00000| Untracked 
|  31|0x0000000081f00000, 0x0000000082000000, 0x0000000082000000|100%| O|  |TAMS 0x0000000082000000, 0x0000000081f00000| Untracked 
|  32|0x0000000082000000, 0x0000000082100000, 0x0000000082100000|100%| O|  |TAMS 0x0000000082100000, 0x0000000082000000| Untracked 
|  33|0x0000000082100000, 0x0000000082200000, 0x0000000082200000|100%| O|  |TAMS 0x0000000082100000, 0x0000000082100000| Untracked 
|  34|0x0000000082200000, 0x0000000082300000, 0x0000000082300000|100%| O|  |TAMS 0x0000000082300000, 0x0000000082200000| Untracked 
|  35|0x0000000082300000, 0x0000000082400000, 0x0000000082400000|100%|HS|  |TAMS 0x0000000082400000, 0x0000000082300000| Complete 
|  36|0x0000000082400000, 0x0000000082500000, 0x0000000082500000|100%|HC|  |TAMS 0x0000000082500000, 0x0000000082400000| Complete 
|  37|0x0000000082500000, 0x0000000082600000, 0x0000000082600000|100%|HC|  |TAMS 0x0000000082600000, 0x0000000082500000| Complete 
|  38|0x0000000082600000, 0x0000000082700000, 0x0000000082700000|100%|HS|  |TAMS 0x0000000082700000, 0x0000000082600000| Complete 
|  39|0x0000000082700000, 0x0000000082800000, 0x0000000082800000|100%|HC|  |TAMS 0x0000000082800000, 0x0000000082700000| Complete 
|  40|0x0000000082800000, 0x0000000082900000, 0x0000000082900000|100%|HC|  |TAMS 0x0000000082900000, 0x0000000082800000| Complete 
|  41|0x0000000082900000, 0x0000000082a00000, 0x0000000082a00000|100%| O|  |TAMS 0x0000000082a00000, 0x0000000082900000| Untracked 
|  42|0x0000000082a00000, 0x0000000082b00000, 0x0000000082b00000|100%| O|  |TAMS 0x0000000082b00000, 0x0000000082a00000| Untracked 
|  43|0x0000000082b00000, 0x0000000082c00000, 0x0000000082c00000|100%| O|  |TAMS 0x0000000082c00000, 0x0000000082b00000| Untracked 
|  44|0x0000000082c00000, 0x0000000082d00000, 0x0000000082d00000|100%| O|  |TAMS 0x0000000082d00000, 0x0000000082c00000| Untracked 
|  45|0x0000000082d00000, 0x0000000082e00000, 0x0000000082e00000|100%| O|  |TAMS 0x0000000082e00000, 0x0000000082d00000| Untracked 
|  46|0x0000000082e00000, 0x0000000082f00000, 0x0000000082f00000|100%| O|  |TAMS 0x0000000082f00000, 0x0000000082e00000| Untracked 
|  47|0x0000000082f00000, 0x0000000083000000, 0x0000000083000000|100%| O|  |TAMS 0x0000000083000000, 0x0000000082f00000| Untracked 
|  48|0x0000000083000000, 0x0000000083100000, 0x0000000083100000|100%| O|  |TAMS 0x0000000083100000, 0x0000000083000000| Untracked 
|  49|0x0000000083100000, 0x0000000083200000, 0x0000000083200000|100%| O|  |TAMS 0x0000000083200000, 0x0000000083100000| Untracked 
|  50|0x0000000083200000, 0x0000000083300000, 0x0000000083300000|100%| O|  |TAMS 0x0000000083200000, 0x0000000083200000| Untracked 
|  51|0x0000000083300000, 0x0000000083400000, 0x0000000083400000|100%| O|  |TAMS 0x0000000083400000, 0x0000000083300000| Untracked 
|  52|0x0000000083400000, 0x0000000083500000, 0x0000000083500000|100%| O|  |TAMS 0x0000000083500000, 0x0000000083400000| Untracked 
|  53|0x0000000083500000, 0x0000000083600000, 0x0000000083600000|100%| O|  |TAMS 0x0000000083600000, 0x0000000083500000| Untracked 
|  54|0x0000000083600000, 0x0000000083700000, 0x0000000083700000|100%| O|  |TAMS 0x0000000083700000, 0x0000000083600000| Untracked 
|  55|0x0000000083700000, 0x0000000083800000, 0x0000000083800000|100%| O|  |TAMS 0x0000000083800000, 0x0000000083700000| Untracked 
|  56|0x0000000083800000, 0x0000000083900000, 0x0000000083900000|100%| O|  |TAMS 0x0000000083900000, 0x0000000083800000| Untracked 
|  57|0x0000000083900000, 0x0000000083a00000, 0x0000000083a00000|100%| O|  |TAMS 0x0000000083a00000, 0x0000000083900000| Untracked 
|  58|0x0000000083a00000, 0x0000000083b00000, 0x0000000083b00000|100%| O|  |TAMS 0x0000000083b00000, 0x0000000083a00000| Untracked 
|  59|0x0000000083b00000, 0x0000000083c00000, 0x0000000083c00000|100%| O|  |TAMS 0x0000000083c00000, 0x0000000083b00000| Untracked 
|  60|0x0000000083c00000, 0x0000000083d00000, 0x0000000083d00000|100%| O|  |TAMS 0x0000000083d00000, 0x0000000083c00000| Untracked 
|  61|0x0000000083d00000, 0x0000000083e00000, 0x0000000083e00000|100%| O|  |TAMS 0x0000000083df0000, 0x0000000083d00000| Untracked 
|  62|0x0000000083e00000, 0x0000000083f00000, 0x0000000083f00000|100%| O|  |TAMS 0x0000000083e00000, 0x0000000083e00000| Untracked 
|  63|0x0000000083f00000, 0x0000000084000000, 0x0000000084000000|100%| O|  |TAMS 0x0000000083f00000, 0x0000000083f00000| Untracked 
|  64|0x0000000084000000, 0x0000000084100000, 0x0000000084100000|100%| O|  |TAMS 0x0000000084000000, 0x0000000084000000| Untracked 
|  65|0x0000000084100000, 0x0000000084200000, 0x0000000084200000|100%| O|  |TAMS 0x0000000084100000, 0x0000000084100000| Untracked 
|  66|0x0000000084200000, 0x0000000084300000, 0x0000000084300000|100%| O|  |TAMS 0x0000000084200000, 0x0000000084200000| Untracked 
|  67|0x0000000084300000, 0x0000000084400000, 0x0000000084400000|100%| O|  |TAMS 0x0000000084300000, 0x0000000084300000| Untracked 
|  68|0x0000000084400000, 0x0000000084500000, 0x0000000084500000|100%| O|  |TAMS 0x0000000084400000, 0x0000000084400000| Untracked 
|  69|0x0000000084500000, 0x0000000084600000, 0x0000000084600000|100%| O|  |TAMS 0x0000000084500000, 0x0000000084500000| Untracked 
|  70|0x0000000084600000, 0x0000000084700000, 0x0000000084700000|100%| O|  |TAMS 0x0000000084600000, 0x0000000084600000| Untracked 
|  71|0x0000000084700000, 0x0000000084800000, 0x0000000084800000|100%| O|  |TAMS 0x0000000084700000, 0x0000000084700000| Untracked 
|  72|0x0000000084800000, 0x0000000084900000, 0x0000000084900000|100%| O|  |TAMS 0x0000000084800000, 0x0000000084800000| Untracked 
|  73|0x0000000084900000, 0x0000000084a00000, 0x0000000084a00000|100%| O|  |TAMS 0x0000000084900000, 0x0000000084900000| Untracked 
|  74|0x0000000084a00000, 0x0000000084b00000, 0x0000000084b00000|100%| O|  |TAMS 0x0000000084a00000, 0x0000000084a00000| Untracked 
|  75|0x0000000084b00000, 0x0000000084c00000, 0x0000000084c00000|100%| O|  |TAMS 0x0000000084b00000, 0x0000000084b00000| Untracked 
|  76|0x0000000084c00000, 0x0000000084d00000, 0x0000000084d00000|100%| O|  |TAMS 0x0000000084c00000, 0x0000000084c00000| Untracked 
|  77|0x0000000084d00000, 0x0000000084e00000, 0x0000000084e00000|100%| O|  |TAMS 0x0000000084d00000, 0x0000000084d00000| Untracked 
|  78|0x0000000084e00000, 0x0000000084f00000, 0x0000000084f00000|100%| O|  |TAMS 0x0000000084e00000, 0x0000000084e00000| Untracked 
|  79|0x0000000084f00000, 0x0000000085000000, 0x0000000085000000|100%| O|  |TAMS 0x0000000084f00000, 0x0000000084f00000| Untracked 
|  80|0x0000000085000000, 0x00000000850c6200, 0x0000000085100000| 77%| O|  |TAMS 0x0000000085000000, 0x0000000085000000| Untracked 
|  81|0x0000000085100000, 0x0000000085100000, 0x0000000085200000|  0%| F|  |TAMS 0x0000000085100000, 0x0000000085100000| Untracked 
|  82|0x0000000085200000, 0x0000000085200000, 0x0000000085300000|  0%| F|  |TAMS 0x0000000085200000, 0x0000000085200000| Untracked 
|  83|0x0000000085300000, 0x0000000085300000, 0x0000000085400000|  0%| F|  |TAMS 0x0000000085300000, 0x0000000085300000| Untracked 
|  84|0x0000000085400000, 0x0000000085400000, 0x0000000085500000|  0%| F|  |TAMS 0x0000000085400000, 0x0000000085400000| Untracked 
|  85|0x0000000085500000, 0x0000000085500000, 0x0000000085600000|  0%| F|  |TAMS 0x0000000085500000, 0x0000000085500000| Untracked 
|  86|0x0000000085600000, 0x0000000085600000, 0x0000000085700000|  0%| F|  |TAMS 0x0000000085600000, 0x0000000085600000| Untracked 
|  87|0x0000000085700000, 0x0000000085700000, 0x0000000085800000|  0%| F|  |TAMS 0x0000000085700000, 0x0000000085700000| Untracked 
|  88|0x0000000085800000, 0x0000000085800000, 0x0000000085900000|  0%| F|  |TAMS 0x0000000085800000, 0x0000000085800000| Untracked 
|  89|0x0000000085900000, 0x0000000085900000, 0x0000000085a00000|  0%| F|  |TAMS 0x0000000085900000, 0x0000000085900000| Untracked 
|  90|0x0000000085a00000, 0x0000000085a00000, 0x0000000085b00000|  0%| F|  |TAMS 0x0000000085a00000, 0x0000000085a00000| Untracked 
|  91|0x0000000085b00000, 0x0000000085b00000, 0x0000000085c00000|  0%| F|  |TAMS 0x0000000085b00000, 0x0000000085b00000| Untracked 
|  92|0x0000000085c00000, 0x0000000085c00000, 0x0000000085d00000|  0%| F|  |TAMS 0x0000000085c00000, 0x0000000085c00000| Untracked 
|  93|0x0000000085d00000, 0x0000000085d00000, 0x0000000085e00000|  0%| F|  |TAMS 0x0000000085d00000, 0x0000000085d00000| Untracked 
|  94|0x0000000085e00000, 0x0000000085e00000, 0x0000000085f00000|  0%| F|  |TAMS 0x0000000085e00000, 0x0000000085e00000| Untracked 
|  95|0x0000000085f00000, 0x0000000085f00000, 0x0000000086000000|  0%| F|  |TAMS 0x0000000085f00000, 0x0000000085f00000| Untracked 
|  96|0x0000000086000000, 0x0000000086000000, 0x0000000086100000|  0%| F|  |TAMS 0x0000000086000000, 0x0000000086000000| Untracked 
|  97|0x0000000086100000, 0x0000000086100000, 0x0000000086200000|  0%| F|  |TAMS 0x0000000086100000, 0x0000000086100000| Untracked 
|  98|0x0000000086200000, 0x0000000086200000, 0x0000000086300000|  0%| F|  |TAMS 0x0000000086200000, 0x0000000086200000| Untracked 
|  99|0x0000000086300000, 0x0000000086300000, 0x0000000086400000|  0%| F|  |TAMS 0x0000000086300000, 0x0000000086300000| Untracked 
| 100|0x0000000086400000, 0x00000000864fb0b8, 0x0000000086500000| 98%| S|CS|TAMS 0x0000000086400000, 0x0000000086400000| Complete 
| 101|0x0000000086500000, 0x0000000086600000, 0x0000000086600000|100%| S|CS|TAMS 0x0000000086500000, 0x0000000086500000| Complete 
| 102|0x0000000086600000, 0x0000000086700000, 0x0000000086700000|100%| S|CS|TAMS 0x0000000086600000, 0x0000000086600000| Complete 
| 103|0x0000000086700000, 0x0000000086700000, 0x0000000086800000|  0%| F|  |TAMS 0x0000000086700000, 0x0000000086700000| Untracked 
| 104|0x0000000086800000, 0x0000000086800000, 0x0000000086900000|  0%| F|  |TAMS 0x0000000086800000, 0x0000000086800000| Untracked 
| 105|0x0000000086900000, 0x0000000086900000, 0x0000000086a00000|  0%| F|  |TAMS 0x0000000086900000, 0x0000000086900000| Untracked 
| 106|0x0000000086a00000, 0x0000000086a00000, 0x0000000086b00000|  0%| F|  |TAMS 0x0000000086a00000, 0x0000000086a00000| Untracked 
| 107|0x0000000086b00000, 0x0000000086b00000, 0x0000000086c00000|  0%| F|  |TAMS 0x0000000086b00000, 0x0000000086b00000| Untracked 
| 108|0x0000000086c00000, 0x0000000086c00000, 0x0000000086d00000|  0%| F|  |TAMS 0x0000000086c00000, 0x0000000086c00000| Untracked 
| 109|0x0000000086d00000, 0x0000000086d00000, 0x0000000086e00000|  0%| F|  |TAMS 0x0000000086d00000, 0x0000000086d00000| Untracked 
| 110|0x0000000086e00000, 0x0000000086e00000, 0x0000000086f00000|  0%| F|  |TAMS 0x0000000086e00000, 0x0000000086e00000| Untracked 
| 111|0x0000000086f00000, 0x0000000086f00000, 0x0000000087000000|  0%| F|  |TAMS 0x0000000086f00000, 0x0000000086f00000| Untracked 
| 112|0x0000000087000000, 0x0000000087000000, 0x0000000087100000|  0%| F|  |TAMS 0x0000000087000000, 0x0000000087000000| Untracked 
| 113|0x0000000087100000, 0x0000000087100000, 0x0000000087200000|  0%| F|  |TAMS 0x0000000087100000, 0x0000000087100000| Untracked 
| 114|0x0000000087200000, 0x0000000087200000, 0x0000000087300000|  0%| F|  |TAMS 0x0000000087200000, 0x0000000087200000| Untracked 
| 115|0x0000000087300000, 0x0000000087300000, 0x0000000087400000|  0%| F|  |TAMS 0x0000000087300000, 0x0000000087300000| Untracked 
| 116|0x0000000087400000, 0x0000000087400000, 0x0000000087500000|  0%| F|  |TAMS 0x0000000087400000, 0x0000000087400000| Untracked 
| 117|0x0000000087500000, 0x0000000087500000, 0x0000000087600000|  0%| F|  |TAMS 0x0000000087500000, 0x0000000087500000| Untracked 
| 118|0x0000000087600000, 0x0000000087600000, 0x0000000087700000|  0%| F|  |TAMS 0x0000000087600000, 0x0000000087600000| Untracked 
| 119|0x0000000087700000, 0x0000000087700000, 0x0000000087800000|  0%| F|  |TAMS 0x0000000087700000, 0x0000000087700000| Untracked 
| 120|0x0000000087800000, 0x0000000087800000, 0x0000000087900000|  0%| F|  |TAMS 0x0000000087800000, 0x0000000087800000| Untracked 
| 121|0x0000000087900000, 0x0000000087900000, 0x0000000087a00000|  0%| F|  |TAMS 0x0000000087900000, 0x0000000087900000| Untracked 
| 122|0x0000000087a00000, 0x0000000087a00000, 0x0000000087b00000|  0%| F|  |TAMS 0x0000000087a00000, 0x0000000087a00000| Untracked 
| 123|0x0000000087b00000, 0x0000000087b00000, 0x0000000087c00000|  0%| F|  |TAMS 0x0000000087b00000, 0x0000000087b00000| Untracked 
| 124|0x0000000087c00000, 0x0000000087c00000, 0x0000000087d00000|  0%| F|  |TAMS 0x0000000087c00000, 0x0000000087c00000| Untracked 
| 125|0x0000000087d00000, 0x0000000087d00000, 0x0000000087e00000|  0%| F|  |TAMS 0x0000000087d00000, 0x0000000087d00000| Untracked 
| 126|0x0000000087e00000, 0x0000000087e00000, 0x0000000087f00000|  0%| F|  |TAMS 0x0000000087e00000, 0x0000000087e00000| Untracked 
| 127|0x0000000087f00000, 0x0000000087f00000, 0x0000000088000000|  0%| F|  |TAMS 0x0000000087f00000, 0x0000000087f00000| Untracked 
| 128|0x0000000088000000, 0x0000000088000000, 0x0000000088100000|  0%| F|  |TAMS 0x0000000088000000, 0x0000000088000000| Untracked 

Card table byte_map: [0x00000286ca0f0000,0x00000286ca4f0000] _byte_map_base: 0x00000286c9cf0000

Marking Bits (Prev, Next): (CMBitMap*) 0x00000286b12369a0, (CMBitMap*) 0x00000286b12369e0
 Prev Bits: [0x00000286ca8f0000, 0x00000286cc8f0000)
 Next Bits: [0x00000286cc8f0000, 0x00000286ce8f0000)

Polling page: 0x00000286b12a0000

Metaspace:

Usage:
  Non-class:     60.95 MB used.
      Class:     10.23 MB used.
       Both:     71.18 MB used.

Virtual space:
  Non-class space:       64.00 MB reserved,      61.50 MB ( 96%) committed,  1 nodes.
      Class space:      416.00 MB reserved,      10.75 MB (  3%) committed,  1 nodes.
             Both:      480.00 MB reserved,      72.25 MB ( 15%) committed. 

Chunk freelists:
   Non-Class:  1.91 MB
       Class:  5.10 MB
        Both:  7.00 MB

MaxMetaspaceSize: 512.00 MB
CompressedClassSpaceSize: 416.00 MB
Initial GC threshold: 21.00 MB
Current GC threshold: 113.38 MB
CDS: on
MetaspaceReclaimPolicy: balanced
 - commit_granule_bytes: 65536.
 - commit_granule_words: 8192.
 - virtual_space_node_default_size: 8388608.
 - enlarge_chunks_in_place: 1.
 - new_chunks_are_fully_committed: 0.
 - uncommit_free_chunks: 1.
 - use_allocation_guard: 0.
 - handle_deallocations: 1.


Internal statistics:

num_allocs_failed_limit: 9.
num_arena_births: 1476.
num_arena_deaths: 0.
num_vsnodes_births: 2.
num_vsnodes_deaths: 0.
num_space_committed: 1156.
num_space_uncommitted: 0.
num_chunks_returned_to_freelist: 9.
num_chunks_taken_from_freelist: 4871.
num_chunk_merges: 9.
num_chunk_splits: 3092.
num_chunks_enlarged: 1840.
num_inconsistent_stats: 0.

CodeHeap 'non-profiled nmethods': size=120000Kb used=5761Kb max_used=5884Kb free=114239Kb
 bounds [0x00000286c1d50000, 0x00000286c2330000, 0x00000286c9280000]
CodeHeap 'profiled nmethods': size=120000Kb used=18500Kb max_used=19324Kb free=101499Kb
 bounds [0x00000286ba280000, 0x00000286bb560000, 0x00000286c17b0000]
CodeHeap 'non-nmethods': size=5760Kb used=1719Kb max_used=1785Kb free=4040Kb
 bounds [0x00000286c17b0000, 0x00000286c1a20000, 0x00000286c1d50000]
 total_blobs=10632 nmethods=9834 adapters=710
 compilation: enabled
              stopped_count=0, restarted_count=0
 full_count=0

Compilation events (20 events):
Event: 32.117 Thread 0x00000286d13b6900 11405       3       sun.management.MemoryPoolImpl::getObjectName (10 bytes)
Event: 32.120 Thread 0x00000286d13b6900 nmethod 11405 0x00000286ba3ce210 code [0x00000286ba3ce5e0, 0x00000286ba3d0388]
Event: 32.134 Thread 0x00000286d13a8a20 nmethod 11403 0x00000286c21f2890 code [0x00000286c21f2a80, 0x00000286c21f3510]
Event: 32.134 Thread 0x00000286d13a8a20 11407       4       com.google.common.collect.MapMakerInternalMap$WeakKeyDummyValueEntry$Helper::newEntry (16 bytes)
Event: 32.140 Thread 0x00000286d13b6900 11411       3       com.google.common.collect.SingletonImmutableList::spliterator (13 bytes)
Event: 32.141 Thread 0x00000286d13b6900 nmethod 11411 0x00000286bae9ec10 code [0x00000286bae9ee00, 0x00000286bae9f3f8]
Event: 32.141 Thread 0x00000286d13a8a20 nmethod 11407 0x00000286c21f2090 code [0x00000286c21f2220, 0x00000286c21f2718]
Event: 32.141 Thread 0x00000286d13a8a20 11408       4       com.google.common.collect.MapMakerInternalMap$WeakKeyDummyValueEntry$Helper::setValue (17 bytes)
Event: 32.142 Thread 0x00000286d13a8a20 nmethod 11408 0x00000286c21f1c10 code [0x00000286c21f1da0, 0x00000286c21f1ef8]
Event: 32.143 Thread 0x00000286d13a8a20 11409       4       com.google.common.collect.CollectSpliterators$1WithCharacteristics::characteristics (9 bytes)
Event: 32.143 Thread 0x00000286d13a8a20 nmethod 11409 0x00000286c21f1910 code [0x00000286c21f1a80, 0x00000286c21f1af8]
Event: 32.143 Thread 0x00000286d13a8a20 11410       4       java.util.ArrayDeque::removeFirst (19 bytes)
Event: 32.145 Thread 0x00000286d13a8a20 nmethod 11410 0x00000286c21f1510 code [0x00000286c21f1680, 0x00000286c21f17b8]
Event: 32.145 Thread 0x00000286d13a8a20 11406       4       java.util.concurrent.TimeUnit::convert (77 bytes)
Event: 32.148 Thread 0x00000286d13a8a20 nmethod 11406 0x00000286c21f0f10 code [0x00000286c21f10c0, 0x00000286c21f1308]
Event: 32.148 Thread 0x00000286d13a8a20 11412   !   4       org.gradle.internal.concurrent.ExecutorPolicy$CatchAndRecordFailures::onExecute (29 bytes)
Event: 32.149 Thread 0x00000286d13a8a20 nmethod 11412 0x00000286c21f0a90 code [0x00000286c21f0c00, 0x00000286c21f0cb8]
Event: 32.158 Thread 0x00000286d13a8a20 11413       4       java.util.LinkedHashMap$LinkedEntrySet::iterator (12 bytes)
Event: 32.161 Thread 0x00000286d13a8a20 nmethod 11413 0x00000286c1ff0110 code [0x00000286c1ff02a0, 0x00000286c1ff0478]
Event: 32.171 Thread 0x00000286d13a8a20 11414       4       com.google.common.cache.LocalCache$Segment::expireEntries (113 bytes)

GC Heap History (20 events):
Event: 22.033 GC heap after
{Heap after GC invocations=26 (full 0):
 garbage-first heap   total 109568K, used 63878K [0x0000000080000000, 0x0000000100000000)
  region size 1024K, 4 young (4096K), 4 survivors (4096K)
 Metaspace       used 65268K, committed 66176K, reserved 491520K
  class space    used 9360K, committed 9792K, reserved 425984K
}
Event: 22.059 GC heap before
{Heap before GC invocations=26 (full 0):
 garbage-first heap   total 109568K, used 64902K [0x0000000080000000, 0x0000000100000000)
  region size 1024K, 5 young (5120K), 4 survivors (4096K)
 Metaspace       used 65275K, committed 66176K, reserved 491520K
  class space    used 9360K, committed 9792K, reserved 425984K
}
Event: 22.063 GC heap after
{Heap after GC invocations=27 (full 0):
 garbage-first heap   total 132096K, used 63280K [0x0000000080000000, 0x0000000100000000)
  region size 1024K, 1 young (1024K), 1 survivors (1024K)
 Metaspace       used 65275K, committed 66176K, reserved 491520K
  class space    used 9360K, committed 9792K, reserved 425984K
}
Event: 23.514 GC heap before
{Heap before GC invocations=27 (full 0):
 garbage-first heap   total 132096K, used 106288K [0x0000000080000000, 0x0000000100000000)
  region size 1024K, 44 young (45056K), 1 survivors (1024K)
 Metaspace       used 68729K, committed 69632K, reserved 491520K
  class space    used 9933K, committed 10368K, reserved 425984K
}
Event: 23.522 GC heap after
{Heap after GC invocations=28 (full 0):
 garbage-first heap   total 132096K, used 66415K [0x0000000080000000, 0x0000000100000000)
  region size 1024K, 4 young (4096K), 4 survivors (4096K)
 Metaspace       used 68729K, committed 69632K, reserved 491520K
  class space    used 9933K, committed 10368K, reserved 425984K
}
Event: 25.748 GC heap before
{Heap before GC invocations=29 (full 0):
 garbage-first heap   total 132096K, used 106351K [0x0000000080000000, 0x0000000100000000)
  region size 1024K, 44 young (45056K), 4 survivors (4096K)
 Metaspace       used 70808K, committed 71744K, reserved 491520K
  class space    used 10283K, committed 10688K, reserved 425984K
}
Event: 25.757 GC heap after
{Heap after GC invocations=30 (full 0):
 garbage-first heap   total 132096K, used 71539K [0x0000000080000000, 0x0000000100000000)
  region size 1024K, 6 young (6144K), 6 survivors (6144K)
 Metaspace       used 70808K, committed 71744K, reserved 491520K
  class space    used 10283K, committed 10688K, reserved 425984K
}
Event: 25.772 GC heap before
{Heap before GC invocations=30 (full 0):
 garbage-first heap   total 132096K, used 72563K [0x0000000080000000, 0x0000000100000000)
  region size 1024K, 7 young (7168K), 6 survivors (6144K)
 Metaspace       used 70815K, committed 71744K, reserved 491520K
  class space    used 10283K, committed 10688K, reserved 425984K
}
Event: 25.779 GC heap after
{Heap after GC invocations=31 (full 0):
 garbage-first heap   total 132096K, used 71858K [0x0000000080000000, 0x0000000100000000)
  region size 1024K, 1 young (1024K), 1 survivors (1024K)
 Metaspace       used 70815K, committed 71744K, reserved 491520K
  class space    used 10283K, committed 10688K, reserved 425984K
}
Event: 27.929 GC heap before
{Heap before GC invocations=31 (full 0):
 garbage-first heap   total 132096K, used 106674K [0x0000000080000000, 0x0000000100000000)
  region size 1024K, 35 young (35840K), 1 survivors (1024K)
 Metaspace       used 72305K, committed 73408K, reserved 491520K
  class space    used 10469K, committed 11008K, reserved 425984K
}
Event: 27.935 GC heap after
{Heap after GC invocations=32 (full 0):
 garbage-first heap   total 132096K, used 78083K [0x0000000080000000, 0x0000000100000000)
  region size 1024K, 5 young (5120K), 5 survivors (5120K)
 Metaspace       used 72305K, committed 73408K, reserved 491520K
  class space    used 10469K, committed 11008K, reserved 425984K
}
Event: 29.737 GC heap before
{Heap before GC invocations=32 (full 0):
 garbage-first heap   total 132096K, used 105731K [0x0000000080000000, 0x0000000100000000)
  region size 1024K, 32 young (32768K), 5 survivors (5120K)
 Metaspace       used 72818K, committed 73920K, reserved 491520K
  class space    used 10475K, committed 11008K, reserved 425984K
}
Event: 29.750 GC heap after
{Heap after GC invocations=33 (full 0):
 garbage-first heap   total 132096K, used 82160K [0x0000000080000000, 0x0000000100000000)
  region size 1024K, 4 young (4096K), 4 survivors (4096K)
 Metaspace       used 72818K, committed 73920K, reserved 491520K
  class space    used 10475K, committed 11008K, reserved 425984K
}
Event: 30.138 GC heap before
{Heap before GC invocations=33 (full 0):
 garbage-first heap   total 132096K, used 105712K [0x0000000080000000, 0x0000000100000000)
  region size 1024K, 28 young (28672K), 4 survivors (4096K)
 Metaspace       used 72860K, committed 73920K, reserved 491520K
  class space    used 10475K, committed 11008K, reserved 425984K
}
Event: 30.144 GC heap after
{Heap after GC invocations=34 (full 0):
 garbage-first heap   total 132096K, used 83538K [0x0000000080000000, 0x0000000100000000)
  region size 1024K, 3 young (3072K), 3 survivors (3072K)
 Metaspace       used 72860K, committed 73920K, reserved 491520K
  class space    used 10475K, committed 11008K, reserved 425984K
}
Event: 31.689 GC heap before
{Heap before GC invocations=34 (full 0):
 garbage-first heap   total 132096K, used 108114K [0x0000000080000000, 0x0000000100000000)
  region size 1024K, 27 young (27648K), 3 survivors (3072K)
 Metaspace       used 72886K, committed 73984K, reserved 491520K
  class space    used 10475K, committed 11008K, reserved 425984K
}
Event: 31.693 GC heap after
{Heap after GC invocations=35 (full 0):
 garbage-first heap   total 132096K, used 84263K [0x0000000080000000, 0x0000000100000000)
  region size 1024K, 3 young (3072K), 3 survivors (3072K)
 Metaspace       used 72886K, committed 73984K, reserved 491520K
  class space    used 10475K, committed 11008K, reserved 425984K
}
Event: 31.984 GC heap before
{Heap before GC invocations=35 (full 0):
 garbage-first heap   total 132096K, used 106791K [0x0000000080000000, 0x0000000100000000)
  region size 1024K, 26 young (26624K), 3 survivors (3072K)
 Metaspace       used 72889K, committed 73984K, reserved 491520K
  class space    used 10475K, committed 11008K, reserved 425984K
}
Event: 31.987 GC heap after
{Heap after GC invocations=36 (full 0):
 garbage-first heap   total 132096K, used 85047K [0x0000000080000000, 0x0000000100000000)
  region size 1024K, 3 young (3072K), 3 survivors (3072K)
 Metaspace       used 72889K, committed 73984K, reserved 491520K
  class space    used 10475K, committed 11008K, reserved 425984K
}
Event: 32.173 GC heap before
{Heap before GC invocations=36 (full 0):
 garbage-first heap   total 132096K, used 107575K [0x0000000080000000, 0x0000000100000000)
  region size 1024K, 26 young (26624K), 3 survivors (3072K)
 Metaspace       used 72892K, committed 73984K, reserved 491520K
  class space    used 10475K, committed 11008K, reserved 425984K
}

Deoptimization events (20 events):
Event: 29.349 Thread 0x00000286f40faca0 Uncommon trap: trap_request=0xffffff6e fr.pc=0x00000286c1f4bf2c relative=0x000000000000034c
Event: 29.349 Thread 0x00000286f40faca0 Uncommon trap: reason=loop_limit_check action=maybe_recompile pc=0x00000286c1f4bf2c method=org.gradle.api.internal.file.pattern.GreedyPathMatcher.matches([Ljava/lang/String;I)Z @ 34 c2
Event: 29.349 Thread 0x00000286f40faca0 DEOPT PACKING pc=0x00000286c1f4bf2c sp=0x000000ab46ef94b0
Event: 29.349 Thread 0x00000286f40faca0 DEOPT UNPACKING pc=0x00000286c1805ba3 sp=0x000000ab46ef93d0 mode 2
Event: 29.642 Thread 0x00000286f1bdd040 Uncommon trap: trap_request=0xfffffff4 fr.pc=0x00000286c209f190 relative=0x0000000000000bb0
Event: 29.642 Thread 0x00000286f1bdd040 Uncommon trap: reason=null_check action=make_not_entrant pc=0x00000286c209f190 method=org.gradle.tooling.internal.provider.runner.ClientBuildEventGenerator$Enabled.accept(Lorg/gradle/internal/operations/BuildOperationDescriptor;)Lorg/gradle/tooling/intern
Event: 29.642 Thread 0x00000286f1bdd040 DEOPT PACKING pc=0x00000286c209f190 sp=0x000000ab455fe9c0
Event: 29.642 Thread 0x00000286f1bdd040 DEOPT UNPACKING pc=0x00000286c1805ba3 sp=0x000000ab455fe8f8 mode 2
Event: 29.901 Thread 0x00000286f2945d60 Uncommon trap: trap_request=0xffffff45 fr.pc=0x00000286c22876c0 relative=0x0000000000000620
Event: 29.901 Thread 0x00000286f2945d60 Uncommon trap: reason=unstable_if action=reinterpret pc=0x00000286c22876c0 method=java.math.BigInteger.makePositive([BII)[I @ 40 c2
Event: 29.901 Thread 0x00000286f2945d60 DEOPT PACKING pc=0x00000286c22876c0 sp=0x000000ab433fe7c0
Event: 29.901 Thread 0x00000286f2945d60 DEOPT UNPACKING pc=0x00000286c1805ba3 sp=0x000000ab433fe728 mode 2
Event: 30.020 Thread 0x00000286f2947bc0 Uncommon trap: trap_request=0xffffff45 fr.pc=0x00000286c203a654 relative=0x0000000000000294
Event: 30.020 Thread 0x00000286f2947bc0 Uncommon trap: reason=unstable_if action=reinterpret pc=0x00000286c203a654 method=org.gradle.internal.snapshot.PathUtil.equalChars(CCLorg/gradle/internal/snapshot/CaseSensitivity;)Z @ 11 c2
Event: 30.020 Thread 0x00000286f2947bc0 DEOPT PACKING pc=0x00000286c203a654 sp=0x000000ab42ef31b0
Event: 30.020 Thread 0x00000286f2947bc0 DEOPT UNPACKING pc=0x00000286c1805ba3 sp=0x000000ab42ef3148 mode 2
Event: 30.323 Thread 0x00000286f1bdacd0 Uncommon trap: trap_request=0xffffff45 fr.pc=0x00000286c1e187f0 relative=0x0000000000001290
Event: 30.323 Thread 0x00000286f1bdacd0 Uncommon trap: reason=unstable_if action=reinterpret pc=0x00000286c1e187f0 method=java.util.concurrent.ConcurrentHashMap.transfer([Ljava/util/concurrent/ConcurrentHashMap$Node;[Ljava/util/concurrent/ConcurrentHashMap$Node;)V @ 347 c2
Event: 30.323 Thread 0x00000286f1bdacd0 DEOPT PACKING pc=0x00000286c1e187f0 sp=0x000000ab456fe070
Event: 30.324 Thread 0x00000286f1bdacd0 DEOPT UNPACKING pc=0x00000286c1805ba3 sp=0x000000ab456fdff0 mode 2

Classes unloaded (0 events):
No events

Classes redefined (0 events):
No events

Internal exceptions (20 events):
Event: 27.501 Thread 0x00000286f2947bc0 Exception <a 'java/lang/ClassNotFoundException'{0x0000000086653508}: org/gradle/api/internal/DefaultNamedDomainObjectListBeanInfo> (0x0000000086653508) 
thrown [s\open\src\hotspot\share\classfile\systemDictionary.cpp, line 256]
Event: 27.501 Thread 0x00000286f2947bc0 Exception <a 'java/lang/ClassNotFoundException'{0x0000000086669e28}: org/gradle/api/internal/DefaultNamedDomainObjectCollectionBeanInfo> (0x0000000086669e28) 
thrown [s\open\src\hotspot\share\classfile\systemDictionary.cpp, line 256]
Event: 27.502 Thread 0x00000286f2947bc0 Exception <a 'java/lang/ClassNotFoundException'{0x0000000086680228}: org/gradle/api/internal/DefaultDomainObjectCollectionBeanInfo> (0x0000000086680228) 
thrown [s\open\src\hotspot\share\classfile\systemDictionary.cpp, line 256]
Event: 27.502 Thread 0x00000286f2947bc0 Exception <a 'java/lang/ClassNotFoundException'{0x0000000086688010}: java/util/AbstractCollectionBeanInfo> (0x0000000086688010) 
thrown [s\open\src\hotspot\share\classfile\systemDictionary.cpp, line 256]
Event: 27.503 Thread 0x00000286f2947bc0 Exception <a 'java/lang/ClassNotFoundException'{0x000000008668fdc0}: java/util/AbstractCollectionCustomizer> (0x000000008668fdc0) 
thrown [s\open\src\hotspot\share\classfile\systemDictionary.cpp, line 256]
Event: 27.505 Thread 0x00000286f2947bc0 Exception <a 'java/lang/ClassNotFoundException'{0x00000000866af958}: org/gradle/api/internal/DefaultDomainObjectCollectionCustomizer> (0x00000000866af958) 
thrown [s\open\src\hotspot\share\classfile\systemDictionary.cpp, line 256]
Event: 27.510 Thread 0x00000286f2947bc0 Exception <a 'java/lang/ClassNotFoundException'{0x00000000866e77e0}: org/gradle/api/internal/DefaultNamedDomainObjectCollectionCustomizer> (0x00000000866e77e0) 
thrown [s\open\src\hotspot\share\classfile\systemDictionary.cpp, line 256]
Event: 27.513 Thread 0x00000286f2947bc0 Exception <a 'java/lang/ClassNotFoundException'{0x00000000865275b8}: org/gradle/api/internal/DefaultNamedDomainObjectListCustomizer> (0x00000000865275b8) 
thrown [s\open\src\hotspot\share\classfile\systemDictionary.cpp, line 256]
Event: 27.515 Thread 0x00000286f2947bc0 Exception <a 'java/lang/ClassNotFoundException'{0x000000008655df60}: org/gradle/api/internal/artifacts/DefaultArtifactRepositoryContainerCustomizer> (0x000000008655df60) 
thrown [s\open\src\hotspot\share\classfile\systemDictionary.cpp, line 256]
Event: 27.518 Thread 0x00000286f2947bc0 Exception <a 'java/lang/ClassNotFoundException'{0x0000000086588ac0}: org/gradle/api/internal/artifacts/dsl/DefaultRepositoryHandlerCustomizer> (0x0000000086588ac0) 
thrown [s\open\src\hotspot\share\classfile\systemDictionary.cpp, line 256]
Event: 27.522 Thread 0x00000286f2947bc0 Exception <a 'java/lang/ClassNotFoundException'{0x00000000865c01c8}: org/gradle/api/internal/artifacts/dsl/DefaultRepositoryHandler_DecoratedCustomizer> (0x00000000865c01c8) 
thrown [s\open\src\hotspot\share\classfile\systemDictionary.cpp, line 256]
Event: 27.538 Thread 0x00000286f2947bc0 Exception <a 'java/lang/ClassNotFoundException'{0x0000000086458218}: org/gradle/api/internal/artifacts/dsl/dependencies/DefaultDependencyHandler_DecoratedBeanInfo> (0x0000000086458218) 
thrown [s\open\src\hotspot\share\classfile\systemDictionary.cpp, line 256]
Event: 27.539 Thread 0x00000286f2947bc0 Exception <a 'java/lang/ClassNotFoundException'{0x0000000086470558}: org/gradle/api/internal/artifacts/dsl/dependencies/DefaultDependencyHandlerBeanInfo> (0x0000000086470558) 
thrown [s\open\src\hotspot\share\classfile\systemDictionary.cpp, line 256]
Event: 27.540 Thread 0x00000286f2947bc0 Exception <a 'java/lang/ClassNotFoundException'{0x0000000086488308}: org/gradle/api/internal/artifacts/dsl/dependencies/DefaultDependencyHandlerCustomizer> (0x0000000086488308) 
thrown [s\open\src\hotspot\share\classfile\systemDictionary.cpp, line 256]
Event: 27.545 Thread 0x00000286f2947bc0 Exception <a 'java/lang/ClassNotFoundException'{0x00000000864c7860}: org/gradle/api/internal/artifacts/dsl/dependencies/DefaultDependencyHandler_DecoratedCustomizer> (0x00000000864c7860) 
thrown [s\open\src\hotspot\share\classfile\systemDictionary.cpp, line 256]
Event: 28.723 Thread 0x00000286f40fbbd0 Exception <a 'sun/nio/fs/WindowsException'{0x0000000087088d70}> (0x0000000087088d70) 
thrown [s\open\src\hotspot\share\prims\jni.cpp, line 516]
Event: 28.728 Thread 0x00000286f40fbbd0 Exception <a 'sun/nio/fs/WindowsException'{0x000000008708cd58}> (0x000000008708cd58) 
thrown [s\open\src\hotspot\share\prims\jni.cpp, line 516]
Event: 28.729 Thread 0x00000286f40fbbd0 Exception <a 'sun/nio/fs/WindowsException'{0x000000008708fa28}> (0x000000008708fa28) 
thrown [s\open\src\hotspot\share\prims\jni.cpp, line 516]
Event: 28.732 Thread 0x00000286f40fbbd0 Exception <a 'sun/nio/fs/WindowsException'{0x00000000870920e0}> (0x00000000870920e0) 
thrown [s\open\src\hotspot\share\prims\jni.cpp, line 516]
Event: 29.642 Thread 0x00000286f1bdd040 Implicit null exception at 0x00000286c209ea87 to 0x00000286c209f170

VM Operations (20 events):
Event: 28.222 Executing VM operation: ICBufferFull done
Event: 28.338 Executing VM operation: HandshakeAllThreads
Event: 28.338 Executing VM operation: HandshakeAllThreads done
Event: 28.353 Executing VM operation: ICBufferFull
Event: 28.354 Executing VM operation: ICBufferFull done
Event: 28.384 Executing VM operation: HandshakeAllThreads
Event: 28.384 Executing VM operation: HandshakeAllThreads done
Event: 29.400 Executing VM operation: Cleanup
Event: 29.400 Executing VM operation: Cleanup done
Event: 29.737 Executing VM operation: G1CollectForAllocation
Event: 29.750 Executing VM operation: G1CollectForAllocation done
Event: 30.138 Executing VM operation: G1CollectForAllocation
Event: 30.145 Executing VM operation: G1CollectForAllocation done
Event: 31.152 Executing VM operation: Cleanup
Event: 31.152 Executing VM operation: Cleanup done
Event: 31.688 Executing VM operation: G1CollectForAllocation
Event: 31.693 Executing VM operation: G1CollectForAllocation done
Event: 31.983 Executing VM operation: G1CollectForAllocation
Event: 31.987 Executing VM operation: G1CollectForAllocation done
Event: 32.173 Executing VM operation: G1CollectForAllocation

Events (20 events):
Event: 28.401 Thread 0x00000286d13b9da0 flushing nmethod 0x00000286bb117190
Event: 28.401 Thread 0x00000286d13b9da0 flushing nmethod 0x00000286bb175e10
Event: 28.401 Thread 0x00000286d13b9da0 flushing nmethod 0x00000286bb19b490
Event: 28.401 Thread 0x00000286d13b9da0 flushing nmethod 0x00000286bb1aa510
Event: 28.402 Thread 0x00000286d13b9da0 flushing nmethod 0x00000286bb21b610
Event: 28.402 Thread 0x00000286d13b9da0 flushing nmethod 0x00000286bb21c390
Event: 28.402 Thread 0x00000286d13b9da0 flushing nmethod 0x00000286bb21c890
Event: 28.402 Thread 0x00000286d13b9da0 flushing nmethod 0x00000286bb224c90
Event: 28.402 Thread 0x00000286d13b9da0 flushing nmethod 0x00000286bb2b5a90
Event: 28.402 Thread 0x00000286d13b9da0 flushing nmethod 0x00000286bb2b7910
Event: 28.402 Thread 0x00000286d13b9da0 flushing nmethod 0x00000286bb2ba190
Event: 28.402 Thread 0x00000286d13b9da0 flushing nmethod 0x00000286bb2ba810
Event: 28.402 Thread 0x00000286d13b9da0 flushing nmethod 0x00000286bb2c4f10
Event: 28.403 Thread 0x00000286d13b9da0 flushing nmethod 0x00000286bb3dbe90
Event: 28.403 Thread 0x00000286d13b9da0 flushing nmethod 0x00000286bb3e4f10
Event: 28.403 Thread 0x00000286d13b9da0 flushing nmethod 0x00000286bb40b590
Event: 28.480 Thread 0x00000286f595b8d0 Thread added: 0x00000286f595b8d0
Event: 28.480 Thread 0x00000286f595a9a0 Thread added: 0x00000286f595a9a0
Event: 28.481 Thread 0x00000286f595c800 Thread added: 0x00000286f595c800
Event: 28.946 Thread 0x00000286f36985b0 Thread exited: 0x00000286f36985b0


Dynamic libraries:
0x00007ff6d5090000 - 0x00007ff6d50a0000 	C:\Program Files\Java\jdk-17\bin\java.exe
0x00007ff983f20000 - 0x00007ff984187000 	C:\WINDOWS\SYSTEM32\ntdll.dll
0x00007ff9830a0000 - 0x00007ff983169000 	C:\WINDOWS\System32\KERNEL32.DLL
0x00007ff980960000 - 0x00007ff980d51000 	C:\WINDOWS\System32\KERNELBASE.dll
0x00007ff980f60000 - 0x00007ff9810ab000 	C:\WINDOWS\System32\ucrtbase.dll
0x00007ff946230000 - 0x00007ff946249000 	C:\Program Files\Java\jdk-17\bin\jli.dll
0x00007ff93c890000 - 0x00007ff93c8ab000 	C:\Program Files\Java\jdk-17\bin\VCRUNTIME140.dll
0x00007ff983d20000 - 0x00007ff983ddb000 	C:\WINDOWS\System32\ADVAPI32.dll
0x00007ff981d40000 - 0x00007ff981de9000 	C:\WINDOWS\System32\msvcrt.dll
0x00007ff983be0000 - 0x00007ff983c87000 	C:\WINDOWS\System32\sechost.dll
0x00007ff982860000 - 0x00007ff982978000 	C:\WINDOWS\System32\RPCRT4.dll
0x00007ff983240000 - 0x00007ff983405000 	C:\WINDOWS\System32\USER32.dll
0x00007ff966480000 - 0x00007ff966713000 	C:\WINDOWS\WinSxS\amd64_microsoft.windows.common-controls_6595b64144ccf1df_6.0.26100.8037_none_3e092faae333b53b\COMCTL32.dll
0x00007ff980930000 - 0x00007ff980957000 	C:\WINDOWS\System32\win32u.dll
0x00007ff982a00000 - 0x00007ff982a2b000 	C:\WINDOWS\System32\GDI32.dll
0x00007ff980800000 - 0x00007ff98092b000 	C:\WINDOWS\System32\gdi32full.dll
0x00007ff981c10000 - 0x00007ff981cb3000 	C:\WINDOWS\System32\msvcp_win.dll
0x00007ff96df40000 - 0x00007ff96df4b000 	C:\WINDOWS\SYSTEM32\VERSION.dll
0x00007ff983200000 - 0x00007ff983231000 	C:\WINDOWS\System32\IMM32.DLL
0x00007ff96f190000 - 0x00007ff96f19c000 	C:\Program Files\Java\jdk-17\bin\vcruntime140_1.dll
0x00007ff93c800000 - 0x00007ff93c88e000 	C:\Program Files\Java\jdk-17\bin\msvcp140.dll
0x00007ff8e7c60000 - 0x00007ff8e8840000 	C:\Program Files\Java\jdk-17\bin\server\jvm.dll
0x00007ff981df0000 - 0x00007ff981df8000 	C:\WINDOWS\System32\PSAPI.DLL
0x00007ff956d50000 - 0x00007ff956d5a000 	C:\WINDOWS\SYSTEM32\WSOCK32.dll
0x00007ff975650000 - 0x00007ff975685000 	C:\WINDOWS\SYSTEM32\WINMM.dll
0x00007ff982980000 - 0x00007ff9829f4000 	C:\WINDOWS\System32\WS2_32.dll
0x00007ff97f570000 - 0x00007ff97f58b000 	C:\WINDOWS\SYSTEM32\kernel.appcore.dll
0x00007ff958720000 - 0x00007ff95872a000 	C:\Program Files\Java\jdk-17\bin\jimage.dll
0x00007ff97e1c0000 - 0x00007ff97e402000 	C:\WINDOWS\SYSTEM32\DBGHELP.DLL
0x00007ff9835b0000 - 0x00007ff983932000 	C:\WINDOWS\System32\combase.dll
0x00007ff983940000 - 0x00007ff983a17000 	C:\WINDOWS\System32\OLEAUT32.dll
0x00007ff959890000 - 0x00007ff9598cb000 	C:\WINDOWS\SYSTEM32\dbgcore.DLL
0x00007ff980d60000 - 0x00007ff980e05000 	C:\WINDOWS\System32\bcryptPrimitives.dll
0x00007ff93c7f0000 - 0x00007ff93c7fe000 	C:\Program Files\Java\jdk-17\bin\instrument.dll
0x00007ff92a830000 - 0x00007ff92a855000 	C:\Program Files\Java\jdk-17\bin\java.dll
0x00007ff927c10000 - 0x00007ff927ce7000 	C:\Program Files\Java\jdk-17\bin\jsvml.dll
0x00007ff981e20000 - 0x00007ff98257f000 	C:\WINDOWS\System32\SHELL32.dll
0x00007ff981aa0000 - 0x00007ff981c0a000 	C:\WINDOWS\System32\wintypes.dll
0x00007ff981230000 - 0x00007ff981a94000 	C:\WINDOWS\System32\windows.storage.dll
0x00007ff983de0000 - 0x00007ff983ed7000 	C:\WINDOWS\System32\SHCORE.dll
0x00007ff982730000 - 0x00007ff982797000 	C:\WINDOWS\System32\shlwapi.dll
0x00007ff980720000 - 0x00007ff980749000 	C:\WINDOWS\SYSTEM32\profapi.dll
0x00007ff9289a0000 - 0x00007ff9289b8000 	C:\Program Files\Java\jdk-17\bin\zip.dll
0x00007ff928980000 - 0x00007ff928999000 	C:\Program Files\Java\jdk-17\bin\net.dll
0x00007ff96fc20000 - 0x00007ff96fd47000 	C:\WINDOWS\SYSTEM32\WINHTTP.dll
0x00007ff97fb00000 - 0x00007ff97fb6b000 	C:\WINDOWS\system32\mswsock.dll
0x00007ff9284d0000 - 0x00007ff9284e6000 	C:\Program Files\Java\jdk-17\bin\nio.dll
0x00007ff929060000 - 0x00007ff929070000 	C:\Program Files\Java\jdk-17\bin\verify.dll
0x00007ff956d60000 - 0x00007ff956d87000 	C:\Users\husuk\.gradle\native\1def1411415f61bf3af743bc5b6707747c0891f09f0c88961ee8f79bc544acac\windows-amd64\native-platform.dll
0x00007ff9467a0000 - 0x00007ff946817000 	C:\Users\husuk\.gradle\native\0.2.8\x86_64-windows-gnu\gradle-fileevents.dll
0x00007ff9284c0000 - 0x00007ff9284ca000 	C:\Program Files\Java\jdk-17\bin\management.dll
0x00007ff9283c0000 - 0x00007ff9283cb000 	C:\Program Files\Java\jdk-17\bin\management_ext.dll
0x00007ff97ef90000 - 0x00007ff97efc3000 	C:\WINDOWS\SYSTEM32\IPHLPAPI.DLL
0x00007ff983d10000 - 0x00007ff983d1a000 	C:\WINDOWS\System32\NSI.dll
0x00007ff977d00000 - 0x00007ff977d1d000 	C:\WINDOWS\SYSTEM32\dhcpcsvc6.DLL
0x00007ff977cc0000 - 0x00007ff977ce3000 	C:\WINDOWS\SYSTEM32\dhcpcsvc.DLL
0x00007ff97f030000 - 0x00007ff97f15a000 	C:\WINDOWS\SYSTEM32\DNSAPI.dll
0x00007ff97fdf0000 - 0x00007ff97fe0b000 	C:\WINDOWS\SYSTEM32\CRYPTSP.dll
0x00007ff97f4d0000 - 0x00007ff97f509000 	C:\WINDOWS\system32\rsaenh.dll
0x00007ff97fbb0000 - 0x00007ff97fbe2000 	C:\WINDOWS\SYSTEM32\USERENV.dll
0x00007ff9806f0000 - 0x00007ff98071a000 	C:\WINDOWS\SYSTEM32\bcrypt.dll
0x00007ff97fde0000 - 0x00007ff97fdec000 	C:\WINDOWS\SYSTEM32\CRYPTBASE.dll
0x00007ff927ee0000 - 0x00007ff927eee000 	C:\Program Files\Java\jdk-17\bin\sunmscapi.dll
0x00007ff9810b0000 - 0x00007ff981227000 	C:\WINDOWS\System32\CRYPT32.dll
0x00007ff980000000 - 0x00007ff980030000 	C:\WINDOWS\SYSTEM32\ncrypt.dll
0x00007ff97ffb0000 - 0x00007ff97ffef000 	C:\WINDOWS\SYSTEM32\NTASN1.dll
0x00007ff8f3ad0000 - 0x00007ff8f3ad8000 	C:\WINDOWS\system32\wshunix.dll

dbghelp: loaded successfully - version: 4.0.5 - missing functions: none
symbol engine: initialized successfully - sym options: 0x614 - pdb path: .;C:\Program Files\Java\jdk-17\bin;C:\WINDOWS\SYSTEM32;C:\WINDOWS\WinSxS\amd64_microsoft.windows.common-controls_6595b64144ccf1df_6.0.26100.8037_none_3e092faae333b53b;C:\Program Files\Java\jdk-17\bin\server;C:\Users\husuk\.gradle\native\1def1411415f61bf3af743bc5b6707747c0891f09f0c88961ee8f79bc544acac\windows-amd64;C:\Users\husuk\.gradle\native\0.2.8\x86_64-windows-gnu

VM Arguments:
jvm_args: --add-opens=java.base/java.lang=ALL-UNNAMED --add-opens=java.base/java.lang.invoke=ALL-UNNAMED --add-opens=java.base/java.util=ALL-UNNAMED --add-opens=java.prefs/java.util.prefs=ALL-UNNAMED --add-exports=jdk.compiler/com.sun.tools.javac.api=ALL-UNNAMED --add-exports=jdk.compiler/com.sun.tools.javac.util=ALL-UNNAMED --add-opens=java.base/java.util=ALL-UNNAMED --add-opens=java.prefs/java.util.prefs=ALL-UNNAMED --add-opens=java.base/java.nio.charset=ALL-UNNAMED --add-opens=java.base/java.net=ALL-UNNAMED --add-opens=java.base/java.util.concurrent=ALL-UNNAMED --add-opens=java.base/java.util.concurrent.atomic=ALL-UNNAMED --add-opens=java.xml/javax.xml.namespace=ALL-UNNAMED -XX:MaxMetaspaceSize=512m -Xmx2048m -Dfile.encoding=windows-1252 -Duser.country=US -Duser.language=en -Duser.variant -javaagent:C:\Users\husuk\.gradle\wrapper\dists\gradle-9.0.0-bin\d6wjpkvcgsg3oed0qlfss3wgl\gradle-9.0.0\lib\agents\gradle-instrumentation-agent-9.0.0.jar 
java_command: org.gradle.launcher.daemon.bootstrap.GradleDaemon 9.0.0
java_class_path (initial): C:\Users\husuk\.gradle\wrapper\dists\gradle-9.0.0-bin\d6wjpkvcgsg3oed0qlfss3wgl\gradle-9.0.0\lib\gradle-daemon-main-9.0.0.jar
Launcher Type: SUN_STANDARD

[Global flags]
     intx CICompilerCount                          = 4                                         {product} {ergonomic}
   size_t CompressedClassSpaceSize                 = 436207616                                 {product} {ergonomic}
     uint ConcGCThreads                            = 2                                         {product} {ergonomic}
     uint G1ConcRefinementThreads                  = 8                                         {product} {ergonomic}
   size_t G1HeapRegionSize                         = 1048576                                   {product} {ergonomic}
    uintx GCDrainStackTargetSize                   = 64                                        {product} {ergonomic}
   size_t InitialHeapSize                          = 130023424                                 {product} {ergonomic}
   size_t MarkStackSize                            = 4194304                                   {product} {ergonomic}
   size_t MaxHeapSize                              = 2147483648                                {product} {command line}
   size_t MaxMetaspaceSize                         = 536870912                                 {product} {command line}
   size_t MaxNewSize                               = 1287651328                                {product} {ergonomic}
   size_t MinHeapDeltaBytes                        = 1048576                                   {product} {ergonomic}
   size_t MinHeapSize                              = 8388608                                   {product} {ergonomic}
    uintx NonNMethodCodeHeapSize                   = 5839372                                {pd product} {ergonomic}
    uintx NonProfiledCodeHeapSize                  = 122909434                              {pd product} {ergonomic}
    uintx ProfiledCodeHeapSize                     = 122909434                              {pd product} {ergonomic}
    uintx ReservedCodeCacheSize                    = 251658240                              {pd product} {ergonomic}
     bool SegmentedCodeCache                       = true                                      {product} {ergonomic}
   size_t SoftMaxHeapSize                          = 2147483648                             {manageable} {ergonomic}
     bool UseCompressedClassPointers               = true                           {product lp64_product} {ergonomic}
     bool UseCompressedOops                        = true                           {product lp64_product} {ergonomic}
     bool UseG1GC                                  = true                                      {product} {ergonomic}
     bool UseLargePagesIndividualAllocation        = false                                  {pd product} {ergonomic}

Logging:
Log output configuration:
 #0: stdout all=warning uptime,level,tags
 #1: stderr all=off uptime,level,tags

Environment Variables:
JAVA_HOME=C:\Program Files\Java\jdk-17
PATH=C:\Users\husuk\AppData\Local\Android\Sdk\platform-tools;C:\Program Files (x86)\Common Files\Oracle\Java\java8path;C:\Program Files (x86)\Common Files\Oracle\Java\javapath;C:\windows\system32;C:\windows;C:\windows\System32\Wbem;C:\windows\System32\WindowsPowerShell\v1.0\;C:\windows\System32\OpenSSH\;C:\Program Files (x86)\NVIDIA Corporation\PhysX\Common;C:\Program Files\NVIDIA Corporation\NVIDIA NvDLISR;C:\WINDOWS\system32;C:\WINDOWS;C:\WINDOWS\System32\Wbem;C:\WINDOWS\System32\WindowsPowerShell\v1.0\;C:\WINDOWS\System32\OpenSSH\;C:\Program Files\Git\cmd;C:\Program Files\Maven\maven-mvnd-1.0.2-windows-amd64\bin;C:\WINDOWS\system32;C:\WINDOWS;C:\WINDOWS\System32\Wbem;C:\WINDOWS\System32\WindowsPowerShell\v1.0\;C:\WINDOWS\System32\OpenSSH\;C:\Program Files\Java\jre1.8.0_451\bin;C:\Program Files\Java\jdk-17\bin;C:\Program Files\Java\jdk-17;C:\Users\husuk\AppData\Local\Android\Sdk;C:\Program Files\dotnet\;C:\Program Files\nodejs\;C:\ProgramData\chocolatey\bin;C:\Program Files\Docker\Docker\resources\bin;C:\Users\husuk\AppData\Local\Programs\Python\Python311\Scripts\;C:\Users\husuk\AppData\Local\Programs\Python\Python311\;C:\Program Files\Java\jdk-17\bin;C:\Users\husuk\AppData\Local\Microsoft\WindowsApps;C:\Program Files\Java\jre1.8.0_451\bin;C:\Program Files\Java\jdk-17\bin;C:\Users\husuk\AppData\Local\Programs\Microsoft VS Code\bin;C:\Users\husuk\AppData\Local\GitHubDesktop\bin;C:\Program Files\Maven\maven-mvnd-1.0.2-windows-amd64\bin;C:\Program Files\Java\jdk-17;C:\Users\husuk\AppData\Local\Android\Sdk\platform-tools;C:\Users\husuk\AppData\Local\Android\Sdk;C:\Users\husuk\.dotnet\tools;C:\Users\husuk\AppData\Roaming\npm;C:\Users\husuk\AppData\Local\Programs\Antigravity\bin;c:\Users\husuk\.antigravity\extensions\vscjava.vscode-java-debug-0.58.5-universal\bundled\scripts\noConfigScripts
USERNAME=husuk
LANG=en_US.UTF-8
OS=Windows_NT
PROCESSOR_IDENTIFIER=Intel64 Family 6 Model 140 Stepping 1, GenuineIntel



---------------  S Y S T E M  ---------------

OS:
 Windows 11 , 64 bit Build 26100 (10.0.26100.7920)
OS uptime: 0 days 2:32 hours
Hyper-V role detected

CPU: total 8 (initial active 8) (4 cores per cpu, 2 threads per core) family 6 model 140 stepping 1 microcode 0xbc, cx8, cmov, fxsr, ht, mmx, 3dnowpref, sse, sse2, sse3, ssse3, sse4.1, sse4.2, popcnt, lzcnt, tsc, tscinvbit, avx, avx2, aes, erms, clmul, bmi1, bmi2, adx, avx512f, avx512dq, avx512cd, avx512bw, avx512vl, sha, fma, vzeroupper, avx512_vpopcntdq, avx512_vpclmulqdq, avx512_vaes, avx512_vnni, clflush, clflushopt, clwb, avx512_vbmi2, avx512_vbmi, hv

Memory: 4k page, system-wide physical 7932M (520M free)
TotalPageFile size 32508M (AvailPageFile size 27M)
current process WorkingSet (physical memory assigned to process): 325M, peak: 360M
current process commit charge ("private bytes"): 395M, peak: 524M

vm_info: Java HotSpot(TM) 64-Bit Server VM (17.0.12+8-LTS-286) for windows-amd64 JRE (17.0.12+8-LTS-286), built on Jun  5 2024 06:46:59 by "mach5one" with MS VC++ 17.6 (VS2022)

END.
