#
# There is insufficient memory for the Java Runtime Environment to continue.
# Native memory allocation (malloc) failed to allocate 2049616 bytes for Chunk::new
# Possible reasons:
#   The system is out of physical RAM or swap space
#   The process is running with CompressedOops enabled, and the Java Heap may be blocking the growth of the native heap
# Possible solutions:
#   Reduce memory load on the system
#   Increase physical memory or swap space
#   Check if swap backing store is full
#   Decrease Java heap size (-Xmx/-Xms)
#   Decrease number of Java threads
#   Decrease Java thread stack sizes (-Xss)
#   Set larger code cache with -XX:ReservedCodeCacheSize=
#   JVM is running with Unscaled Compressed Oops mode in which the Java heap is
#     placed in the first 4GB address space. The Java Heap base address is the
#     maximum limit for the native heap growth. Please use -XX:HeapBaseMinAddress
#     to set the Java Heap base and to place the Java Heap above 4GB virtual address.
# This output file may be truncated or incomplete.
#
#  Out of Memory Error (arena.cpp:189), pid=16328, tid=19276
#
# JRE version: Java(TM) SE Runtime Environment (17.0.12+8) (build 17.0.12+8-LTS-286)
# Java VM: Java HotSpot(TM) 64-Bit Server VM (17.0.12+8-LTS-286, mixed mode, sharing, tiered, compressed oops, compressed class ptrs, g1 gc, windows-amd64)
# No core dump will be written. Minidumps are not enabled by default on client versions of Windows
#

---------------  S U M M A R Y ------------

Command Line: --add-opens=java.base/java.lang=ALL-UNNAMED --add-opens=java.base/java.lang.invoke=ALL-UNNAMED --add-opens=java.base/java.util=ALL-UNNAMED --add-opens=java.prefs/java.util.prefs=ALL-UNNAMED --add-exports=jdk.compiler/com.sun.tools.javac.api=ALL-UNNAMED --add-exports=jdk.compiler/com.sun.tools.javac.util=ALL-UNNAMED --add-opens=java.base/java.util=ALL-UNNAMED --add-opens=java.prefs/java.util.prefs=ALL-UNNAMED --add-opens=java.base/java.nio.charset=ALL-UNNAMED --add-opens=java.base/java.net=ALL-UNNAMED --add-opens=java.base/java.util.concurrent=ALL-UNNAMED --add-opens=java.base/java.util.concurrent.atomic=ALL-UNNAMED --add-opens=java.xml/javax.xml.namespace=ALL-UNNAMED -XX:MaxMetaspaceSize=512m -Xmx2048m -Dfile.encoding=windows-1252 -Duser.country=US -Duser.language=en -Duser.variant -javaagent:C:\Users\husuk\.gradle\wrapper\dists\gradle-9.0.0-bin\d6wjpkvcgsg3oed0qlfss3wgl\gradle-9.0.0\lib\agents\gradle-instrumentation-agent-9.0.0.jar org.gradle.launcher.daemon.bootstrap.GradleDaemon 9.0.0

Host: 11th Gen Intel(R) Core(TM) i5-1135G7 @ 2.40GHz, 8 cores, 7G,  Windows 11 , 64 bit Build 26100 (10.0.26100.7920)
Time: Thu Apr  9 13:07:31 2026 India Standard Time elapsed time: 21.906289 seconds (0d 0h 0m 21s)

---------------  T H R E A D  ---------------

Current thread (0x0000017d2fc7a8d0):  JavaThread "C2 CompilerThread0" daemon [_thread_in_native, id=19276, stack(0x0000001c7f400000,0x0000001c7f500000)]


Current CompileTask:
C2:  21906 7155   !   4       com.google.common.reflect.TypeVisitor::visit (225 bytes)

Stack: [0x0000001c7f400000,0x0000001c7f500000]
Native frames: (J=compiled Java code, j=interpreted, Vv=VM code, C=native code)
V  [jvm.dll+0x67a04a]
V  [jvm.dll+0x7da4ed]
V  [jvm.dll+0x7dbe33]
V  [jvm.dll+0x7dc4a3]
V  [jvm.dll+0x24508f]
V  [jvm.dll+0xab773]
V  [jvm.dll+0xabd3c]
V  [jvm.dll+0x361b9f]
V  [jvm.dll+0x1ba64a]
V  [jvm.dll+0x216997]
V  [jvm.dll+0x215c6f]
V  [jvm.dll+0x1a2960]
V  [jvm.dll+0x22610b]
V  [jvm.dll+0x2242ab]
V  [jvm.dll+0x79075c]
V  [jvm.dll+0x78abea]
V  [jvm.dll+0x678f35]
C  [ucrtbase.dll+0x37b0]
C  [KERNEL32.DLL+0x2e8d7]
C  [ntdll.dll+0x8c48c]


---------------  P R O C E S S  ---------------

Threads class SMR info:
_java_thread_list=0x0000017d5223b870, length=64, elements={
0x0000017d11a37550, 0x0000017d2fc5ccf0, 0x0000017d2fc5d7c0, 0x0000017d2fc77c50,
0x0000017d2fc78520, 0x0000017d2fc78df0, 0x0000017d2fc79cd0, 0x0000017d2fc7a8d0,
0x0000017d2fc7e6b0, 0x0000017d2fc82120, 0x0000017d2fc4ae50, 0x0000017d4f26ef20,
0x0000017d50252df0, 0x0000017d4ff44420, 0x0000017d50a250f0, 0x0000017d50c73810,
0x0000017d50c6edc0, 0x0000017d50c7c000, 0x0000017d50c7b5e0, 0x0000017d50c7e370,
0x0000017d50c7abc0, 0x0000017d50c7ca20, 0x0000017d50c7c510, 0x0000017d50c7baf0,
0x0000017d50c7cf30, 0x0000017d50c7b0d0, 0x0000017d50c7d440, 0x0000017d50c7de60,
0x0000017d50c7d950, 0x0000017d51b37290, 0x0000017d51b390f0, 0x0000017d51b35940,
0x0000017d51b36360, 0x0000017d51b386d0, 0x0000017d51b377a0, 0x0000017d51b381c0,
0x0000017d51b39600, 0x0000017d51b39b10, 0x0000017d51b37cb0, 0x0000017d51b3a020,
0x0000017d51b36870, 0x0000017d51b3b970, 0x0000017d51b3d2c0, 0x0000017d51b3af50,
0x0000017d51b3a530, 0x0000017d51b3b460, 0x0000017d51b3c390, 0x0000017d51b3aa40,
0x0000017d51b3be80, 0x0000017d51b3cdb0, 0x0000017d515afd80, 0x0000017d515acff0,
0x0000017d515af870, 0x0000017d515ad500, 0x0000017d515adf20, 0x0000017d515ae940,
0x0000017d515b0290, 0x0000017d515b07a0, 0x0000017d515b11c0, 0x0000017d515af360,
0x0000017d515b0cb0, 0x0000017d515ada10, 0x0000017d515ae430, 0x0000017d515b16d0
}

Java Threads: ( => current thread )
  0x0000017d11a37550 JavaThread "main" [_thread_blocked, id=18636, stack(0x0000001c7e700000,0x0000001c7e800000)]
  0x0000017d2fc5ccf0 JavaThread "Reference Handler" daemon [_thread_blocked, id=20844, stack(0x0000001c7ee00000,0x0000001c7ef00000)]
  0x0000017d2fc5d7c0 JavaThread "Finalizer" daemon [_thread_blocked, id=14664, stack(0x0000001c7ef00000,0x0000001c7f000000)]
  0x0000017d2fc77c50 JavaThread "Signal Dispatcher" daemon [_thread_blocked, id=14076, stack(0x0000001c7f000000,0x0000001c7f100000)]
  0x0000017d2fc78520 JavaThread "Attach Listener" daemon [_thread_blocked, id=21908, stack(0x0000001c7f100000,0x0000001c7f200000)]
  0x0000017d2fc78df0 JavaThread "Service Thread" daemon [_thread_blocked, id=20736, stack(0x0000001c7f200000,0x0000001c7f300000)]
  0x0000017d2fc79cd0 JavaThread "Monitor Deflation Thread" daemon [_thread_blocked, id=20344, stack(0x0000001c7f300000,0x0000001c7f400000)]
=>0x0000017d2fc7a8d0 JavaThread "C2 CompilerThread0" daemon [_thread_in_native, id=19276, stack(0x0000001c7f400000,0x0000001c7f500000)]
  0x0000017d2fc7e6b0 JavaThread "C1 CompilerThread0" daemon [_thread_blocked, id=15588, stack(0x0000001c7f500000,0x0000001c7f600000)]
  0x0000017d2fc82120 JavaThread "Sweeper thread" daemon [_thread_blocked, id=20148, stack(0x0000001c7f600000,0x0000001c7f700000)]
  0x0000017d2fc4ae50 JavaThread "Common-Cleaner" daemon [_thread_blocked, id=14852, stack(0x0000001c7f700000,0x0000001c7f800000)]
  0x0000017d4f26ef20 JavaThread "Notification Thread" daemon [_thread_blocked, id=21420, stack(0x0000001c7f800000,0x0000001c7f900000)]
  0x0000017d50252df0 JavaThread "Daemon health stats" [_thread_blocked, id=23388, stack(0x0000001c7fa00000,0x0000001c7fb00000)]
  0x0000017d4ff44420 JavaThread "Incoming local TCP Connector on port 56271" [_thread_in_native, id=24544, stack(0x0000001c7ff00000,0x0000001c80000000)]
  0x0000017d50a250f0 JavaThread "Daemon periodic checks" [_thread_blocked, id=19884, stack(0x0000001c00000000,0x0000001c00100000)]
  0x0000017d50c73810 JavaThread "Daemon" [_thread_blocked, id=13284, stack(0x0000001c00100000,0x0000001c00200000)]
  0x0000017d50c6edc0 JavaThread "Handler for socket connection from /127.0.0.1:56271 to /127.0.0.1:56272" [_thread_in_native, id=10884, stack(0x0000001c00200000,0x0000001c00300000)]
  0x0000017d50c7c000 JavaThread "Cancel handler" [_thread_blocked, id=3644, stack(0x0000001c00300000,0x0000001c00400000)]
  0x0000017d50c7b5e0 JavaThread "Daemon worker" [_thread_in_vm, id=23216, stack(0x0000001c00400000,0x0000001c00500000)]
  0x0000017d50c7e370 JavaThread "Asynchronous log dispatcher for DefaultDaemonConnection: socket connection from /127.0.0.1:56271 to /127.0.0.1:56272" [_thread_blocked, id=20352, stack(0x0000001c00500000,0x0000001c00600000)]
  0x0000017d50c7abc0 JavaThread "Stdin handler" [_thread_blocked, id=12664, stack(0x0000001c00600000,0x0000001c00700000)]
  0x0000017d50c7ca20 JavaThread "Daemon client event forwarder" [_thread_blocked, id=14012, stack(0x0000001c00700000,0x0000001c00800000)]
  0x0000017d50c7c510 JavaThread "Cache worker for journal cache (C:\Users\husuk\.gradle\caches\journal-1)" [_thread_blocked, id=22776, stack(0x0000001c00800000,0x0000001c00900000)]
  0x0000017d50c7baf0 JavaThread "File lock request listener" [_thread_in_native, id=22140, stack(0x0000001c00900000,0x0000001c00a00000)]
  0x0000017d50c7cf30 JavaThread "Cache worker for file hash cache (C:\Users\husuk\.gradle\caches\9.0.0\fileHashes)" [_thread_blocked, id=21144, stack(0x0000001c00a00000,0x0000001c00b00000)]
  0x0000017d50c7b0d0 JavaThread "Cache worker for file hash cache (D:\Android Proect DW Inovation Fainal\Dance_Studio\MyApp\android\.gradle\9.0.0\fileHashes)" [_thread_blocked, id=12844, stack(0x0000001c01100000,0x0000001c01200000)]
  0x0000017d50c7d440 JavaThread "Cache worker for Build Output Cleanup Cache (D:\Android Proect DW Inovation Fainal\Dance_Studio\MyApp\android\.gradle\buildOutputCleanup)" [_thread_blocked, id=24140, stack(0x0000001c01200000,0x0000001c01300000)]
  0x0000017d50c7de60 JavaThread "File watcher server" daemon [_thread_in_native, id=15908, stack(0x0000001c01300000,0x0000001c01400000)]
  0x0000017d50c7d950 JavaThread "File watcher consumer" daemon [_thread_blocked, id=5016, stack(0x0000001c01400000,0x0000001c01500000)]
  0x0000017d51b37290 JavaThread "Cache worker for checksums cache (D:\Android Proect DW Inovation Fainal\Dance_Studio\MyApp\android\.gradle\9.0.0\checksums)" [_thread_blocked, id=13144, stack(0x0000001c01500000,0x0000001c01600000)]
  0x0000017d51b390f0 JavaThread "Cache worker for file content cache (C:\Users\husuk\.gradle\caches\9.0.0\fileContent)" [_thread_blocked, id=8960, stack(0x0000001c01000000,0x0000001c01100000)]
  0x0000017d51b35940 JavaThread "Cache worker for cache directory md-supplier (C:\Users\husuk\.gradle\caches\9.0.0\md-supplier)" [_thread_blocked, id=2696, stack(0x0000001c01700000,0x0000001c01800000)]
  0x0000017d51b36360 JavaThread "Cache worker for cache directory md-rule (C:\Users\husuk\.gradle\caches\9.0.0\md-rule)" [_thread_blocked, id=9168, stack(0x0000001c01800000,0x0000001c01900000)]
  0x0000017d51b386d0 JavaThread "jar transforms" [_thread_blocked, id=2588, stack(0x0000001c01900000,0x0000001c01a00000)]
  0x0000017d51b377a0 JavaThread "Cache worker for Build Output Cleanup Cache (D:\Android Proect DW Inovation Fainal\Dance_Studio\MyApp\node_modules\@react-native\gradle-plugin\.gradle\buildOutputCleanup)" [_thread_blocked, id=21788, stack(0x0000001c01a00000,0x0000001c01b00000)]
  0x0000017d51b381c0 JavaThread "Unconstrained build operations" [_thread_blocked, id=9792, stack(0x0000001c00b00000,0x0000001c00c00000)]
  0x0000017d51b39600 JavaThread "Unconstrained build operations Thread 2" [_thread_blocked, id=14912, stack(0x0000001c01600000,0x0000001c01700000)]
  0x0000017d51b39b10 JavaThread "Unconstrained build operations Thread 3" [_thread_blocked, id=21736, stack(0x0000001c01b00000,0x0000001c01c00000)]
  0x0000017d51b37cb0 JavaThread "Unconstrained build operations Thread 4" [_thread_blocked, id=17604, stack(0x0000001c01c00000,0x0000001c01d00000)]
  0x0000017d51b3a020 JavaThread "Unconstrained build operations Thread 5" [_thread_blocked, id=4200, stack(0x0000001c01e00000,0x0000001c01f00000)]
  0x0000017d51b36870 JavaThread "Unconstrained build operations Thread 6" [_thread_blocked, id=8016, stack(0x0000001c01f00000,0x0000001c02000000)]
  0x0000017d51b3b970 JavaThread "Unconstrained build operations Thread 7" [_thread_blocked, id=17172, stack(0x0000001c02000000,0x0000001c02100000)]
  0x0000017d51b3d2c0 JavaThread "Unconstrained build operations Thread 8" [_thread_blocked, id=9076, stack(0x0000001c02100000,0x0000001c02200000)]
  0x0000017d51b3af50 JavaThread "Unconstrained build operations Thread 9" [_thread_blocked, id=13240, stack(0x0000001c02200000,0x0000001c02300000)]
  0x0000017d51b3a530 JavaThread "Unconstrained build operations Thread 10" [_thread_blocked, id=20564, stack(0x0000001c02300000,0x0000001c02400000)]
  0x0000017d51b3b460 JavaThread "Unconstrained build operations Thread 11" [_thread_blocked, id=22448, stack(0x0000001c02400000,0x0000001c02500000)]
  0x0000017d51b3c390 JavaThread "Unconstrained build operations Thread 12" [_thread_blocked, id=10200, stack(0x0000001c02500000,0x0000001c02600000)]
  0x0000017d51b3aa40 JavaThread "Unconstrained build operations Thread 13" [_thread_blocked, id=23612, stack(0x0000001c02600000,0x0000001c02700000)]
  0x0000017d51b3be80 JavaThread "Unconstrained build operations Thread 14" [_thread_blocked, id=19856, stack(0x0000001c02700000,0x0000001c02800000)]
  0x0000017d51b3cdb0 JavaThread "Unconstrained build operations Thread 15" [_thread_blocked, id=3172, stack(0x0000001c02800000,0x0000001c02900000)]
  0x0000017d515afd80 JavaThread "Unconstrained build operations Thread 16" [_thread_blocked, id=22900, stack(0x0000001c02900000,0x0000001c02a00000)]
  0x0000017d515acff0 JavaThread "Unconstrained build operations Thread 17" [_thread_blocked, id=4988, stack(0x0000001c02a00000,0x0000001c02b00000)]
  0x0000017d515af870 JavaThread "Unconstrained build operations Thread 18" [_thread_blocked, id=20672, stack(0x0000001c02b00000,0x0000001c02c00000)]
  0x0000017d515ad500 JavaThread "Unconstrained build operations Thread 19" [_thread_blocked, id=21692, stack(0x0000001c02c00000,0x0000001c02d00000)]
  0x0000017d515adf20 JavaThread "Unconstrained build operations Thread 20" [_thread_blocked, id=24452, stack(0x0000001c02d00000,0x0000001c02e00000)]
  0x0000017d515ae940 JavaThread "Unconstrained build operations Thread 21" [_thread_blocked, id=13500, stack(0x0000001c02e00000,0x0000001c02f00000)]
  0x0000017d515b0290 JavaThread "Unconstrained build operations Thread 22" [_thread_blocked, id=21456, stack(0x0000001c02f00000,0x0000001c03000000)]
  0x0000017d515b07a0 JavaThread "Unconstrained build operations Thread 23" [_thread_blocked, id=20504, stack(0x0000001c03000000,0x0000001c03100000)]
  0x0000017d515b11c0 JavaThread "Unconstrained build operations Thread 24" [_thread_blocked, id=15676, stack(0x0000001c03100000,0x0000001c03200000)]
  0x0000017d515af360 JavaThread "Unconstrained build operations Thread 25" [_thread_blocked, id=12544, stack(0x0000001c03200000,0x0000001c03300000)]
  0x0000017d515b0cb0 JavaThread "Unconstrained build operations Thread 26" [_thread_blocked, id=17324, stack(0x0000001c03300000,0x0000001c03400000)]
  0x0000017d515ada10 JavaThread "Unconstrained build operations Thread 27" [_thread_blocked, id=17092, stack(0x0000001c03400000,0x0000001c03500000)]
  0x0000017d515ae430 JavaThread "build event listener" [_thread_blocked, id=23636, stack(0x0000001c01d00000,0x0000001c01e00000)]
  0x0000017d515b16d0 JavaThread "Memory manager" [_thread_blocked, id=22724, stack(0x0000001c03500000,0x0000001c03600000)]

Other Threads:
  0x0000017d2fc597a0 VMThread "VM Thread" [stack: 0x0000001c7ed00000,0x0000001c7ee00000] [id=23192]
  0x0000017d11a384f0 WatcherThread [stack: 0x0000001c7f900000,0x0000001c7fa00000] [id=23748]
  0x0000017d11a96300 GCTaskThread "GC Thread#0" [stack: 0x0000001c7e800000,0x0000001c7e900000] [id=20296]
  0x0000017d4f289960 GCTaskThread "GC Thread#1" [stack: 0x0000001c7fb00000,0x0000001c7fc00000] [id=24432]
  0x0000017d4f99fc40 GCTaskThread "GC Thread#2" [stack: 0x0000001c7fc00000,0x0000001c7fd00000] [id=3404]
  0x0000017d4ff3f020 GCTaskThread "GC Thread#3" [stack: 0x0000001c7fd00000,0x0000001c7fe00000] [id=19416]
  0x0000017d4fa41800 GCTaskThread "GC Thread#4" [stack: 0x0000001c7fe00000,0x0000001c7ff00000] [id=13580]
  0x0000017d510c5770 GCTaskThread "GC Thread#5" [stack: 0x0000001c00c00000,0x0000001c00d00000] [id=20816]
  0x0000017d4f180170 GCTaskThread "GC Thread#6" [stack: 0x0000001c00d00000,0x0000001c00e00000] [id=2452]
  0x0000017d4fe9c0f0 GCTaskThread "GC Thread#7" [stack: 0x0000001c00e00000,0x0000001c00f00000] [id=18760]
  0x0000017d11aa7e30 ConcurrentGCThread "G1 Main Marker" [stack: 0x0000001c7e900000,0x0000001c7ea00000] [id=2916]
  0x0000017d11aa8750 ConcurrentGCThread "G1 Conc#0" [stack: 0x0000001c7ea00000,0x0000001c7eb00000] [id=22604]
  0x0000017d52712020 ConcurrentGCThread "G1 Conc#1" [stack: 0x0000001c00f00000,0x0000001c01000000] [id=19700]
  0x0000017d11afe860 ConcurrentGCThread "G1 Refine#0" [stack: 0x0000001c7eb00000,0x0000001c7ec00000] [id=10704]
  0x0000017d2fb0def0 ConcurrentGCThread "G1 Service" [stack: 0x0000001c7ec00000,0x0000001c7ed00000] [id=16976]

Threads with active compile tasks:
C2 CompilerThread0    21957 7155   !   4       com.google.common.reflect.TypeVisitor::visit (225 bytes)

VM state: not at safepoint (normal execution)

VM Mutex/Monitor currently owned by a thread: None

Heap address: 0x0000000080000000, size: 2048 MB, Compressed Oops mode: 32-bit

CDS archive(s) mapped at: [0x0000017d30000000-0x0000017d30bd0000-0x0000017d30bd0000), size 12386304, SharedBaseAddress: 0x0000017d30000000, ArchiveRelocationMode: 1.
Compressed class space mapped at: 0x0000017d31000000-0x0000017d4b000000, reserved size: 436207616
Narrow klass base: 0x0000017d30000000, Narrow klass shift: 0, Narrow klass range: 0x100000000

GC Precious Log:
 CPUs: 8 total, 8 available
 Memory: 7932M
 Large Page Support: Disabled
 NUMA Support: Disabled
 Compressed Oops: Enabled (32-bit)
 Heap Region Size: 1M
 Heap Min Capacity: 8M
 Heap Initial Capacity: 124M
 Heap Max Capacity: 2G
 Pre-touch: Disabled
 Parallel Workers: 8
 Concurrent Workers: 2
 Concurrent Refinement Workers: 8
 Periodic GC: Disabled

Heap:
 garbage-first heap   total 109568K, used 73785K [0x0000000080000000, 0x0000000100000000)
  region size 1024K, 23 young (23552K), 3 survivors (3072K)
 Metaspace       used 59920K, committed 60736K, reserved 491520K
  class space    used 8630K, committed 9024K, reserved 425984K

Heap Regions: E=young(eden), S=young(survivor), O=old, HS=humongous(starts), HC=humongous(continues), CS=collection set, F=free, OA=open archive, CA=closed archive, TAMS=top-at-mark-start (previous, next)
|   0|0x0000000080000000, 0x0000000080100000, 0x0000000080100000|100%|HS|  |TAMS 0x0000000080100000, 0x0000000080000000| Complete 
|   1|0x0000000080100000, 0x0000000080200000, 0x0000000080200000|100%|HC|  |TAMS 0x0000000080200000, 0x0000000080100000| Complete 
|   2|0x0000000080200000, 0x0000000080300000, 0x0000000080300000|100%|HC|  |TAMS 0x0000000080300000, 0x0000000080200000| Complete 
|   3|0x0000000080300000, 0x0000000080400000, 0x0000000080400000|100%| O|  |TAMS 0x0000000080400000, 0x0000000080300000| Untracked 
|   4|0x0000000080400000, 0x0000000080500000, 0x0000000080500000|100%| O|  |TAMS 0x0000000080500000, 0x0000000080400000| Untracked 
|   5|0x0000000080500000, 0x0000000080600000, 0x0000000080600000|100%| O|  |TAMS 0x0000000080600000, 0x0000000080500000| Untracked 
|   6|0x0000000080600000, 0x0000000080700000, 0x0000000080700000|100%|HS|  |TAMS 0x0000000080700000, 0x0000000080600000| Complete 
|   7|0x0000000080700000, 0x0000000080800000, 0x0000000080800000|100%| O|  |TAMS 0x0000000080800000, 0x0000000080700000| Untracked 
|   8|0x0000000080800000, 0x0000000080900000, 0x0000000080900000|100%| O|  |TAMS 0x0000000080900000, 0x0000000080800000| Untracked 
|   9|0x0000000080900000, 0x0000000080a00000, 0x0000000080a00000|100%| O|  |TAMS 0x0000000080a00000, 0x0000000080900000| Untracked 
|  10|0x0000000080a00000, 0x0000000080b00000, 0x0000000080b00000|100%| O|  |TAMS 0x0000000080b00000, 0x0000000080a00000| Untracked 
|  11|0x0000000080b00000, 0x0000000080c00000, 0x0000000080c00000|100%| O|  |TAMS 0x0000000080c00000, 0x0000000080b00000| Untracked 
|  12|0x0000000080c00000, 0x0000000080d00000, 0x0000000080d00000|100%| O|  |TAMS 0x0000000080d00000, 0x0000000080c00000| Untracked 
|  13|0x0000000080d00000, 0x0000000080e00000, 0x0000000080e00000|100%| O|  |TAMS 0x0000000080e00000, 0x0000000080d00000| Untracked 
|  14|0x0000000080e00000, 0x0000000080f00000, 0x0000000080f00000|100%| O|  |TAMS 0x0000000080f00000, 0x0000000080e00000| Untracked 
|  15|0x0000000080f00000, 0x0000000081000000, 0x0000000081000000|100%| O|  |TAMS 0x0000000081000000, 0x0000000080f00000| Untracked 
|  16|0x0000000081000000, 0x0000000081100000, 0x0000000081100000|100%| O|  |TAMS 0x0000000081100000, 0x0000000081000000| Untracked 
|  17|0x0000000081100000, 0x0000000081200000, 0x0000000081200000|100%| O|  |TAMS 0x0000000081200000, 0x0000000081100000| Untracked 
|  18|0x0000000081200000, 0x0000000081300000, 0x0000000081300000|100%| O|  |TAMS 0x0000000081300000, 0x0000000081200000| Untracked 
|  19|0x0000000081300000, 0x0000000081400000, 0x0000000081400000|100%| O|  |TAMS 0x0000000081400000, 0x0000000081300000| Untracked 
|  20|0x0000000081400000, 0x0000000081500000, 0x0000000081500000|100%| O|  |TAMS 0x0000000081500000, 0x0000000081400000| Untracked 
|  21|0x0000000081500000, 0x0000000081600000, 0x0000000081600000|100%| O|  |TAMS 0x0000000081600000, 0x0000000081500000| Untracked 
|  22|0x0000000081600000, 0x0000000081700000, 0x0000000081700000|100%| O|  |TAMS 0x0000000081700000, 0x0000000081600000| Untracked 
|  23|0x0000000081700000, 0x0000000081800000, 0x0000000081800000|100%| O|  |TAMS 0x0000000081800000, 0x0000000081700000| Untracked 
|  24|0x0000000081800000, 0x0000000081900000, 0x0000000081900000|100%| O|  |TAMS 0x0000000081900000, 0x0000000081800000| Untracked 
|  25|0x0000000081900000, 0x0000000081910000, 0x0000000081a00000|  6%| O|  |TAMS 0x0000000081910000, 0x0000000081900000| Untracked 
|  26|0x0000000081a00000, 0x0000000081b00000, 0x0000000081b00000|100%| O|  |TAMS 0x0000000081b00000, 0x0000000081a00000| Untracked 
|  27|0x0000000081b00000, 0x0000000081c00000, 0x0000000081c00000|100%| O|  |TAMS 0x0000000081c00000, 0x0000000081b00000| Untracked 
|  28|0x0000000081c00000, 0x0000000081d00000, 0x0000000081d00000|100%| O|  |TAMS 0x0000000081d00000, 0x0000000081c00000| Untracked 
|  29|0x0000000081d00000, 0x0000000081e00000, 0x0000000081e00000|100%| O|  |TAMS 0x0000000081e00000, 0x0000000081d00000| Untracked 
|  30|0x0000000081e00000, 0x0000000081f00000, 0x0000000081f00000|100%| O|  |TAMS 0x0000000081f00000, 0x0000000081e00000| Untracked 
|  31|0x0000000081f00000, 0x0000000082000000, 0x0000000082000000|100%| O|  |TAMS 0x0000000082000000, 0x0000000081f00000| Untracked 
|  32|0x0000000082000000, 0x0000000082100000, 0x0000000082100000|100%| O|  |TAMS 0x0000000082100000, 0x0000000082000000| Untracked 
|  33|0x0000000082100000, 0x0000000082200000, 0x0000000082200000|100%| O|  |TAMS 0x0000000082200000, 0x0000000082100000| Untracked 
|  34|0x0000000082200000, 0x0000000082300000, 0x0000000082300000|100%| O|  |TAMS 0x0000000082300000, 0x0000000082200000| Untracked 
|  35|0x0000000082300000, 0x0000000082400000, 0x0000000082400000|100%|HS|  |TAMS 0x0000000082400000, 0x0000000082300000| Complete 
|  36|0x0000000082400000, 0x0000000082500000, 0x0000000082500000|100%|HC|  |TAMS 0x0000000082500000, 0x0000000082400000| Complete 
|  37|0x0000000082500000, 0x0000000082600000, 0x0000000082600000|100%|HC|  |TAMS 0x0000000082600000, 0x0000000082500000| Complete 
|  38|0x0000000082600000, 0x0000000082700000, 0x0000000082700000|100%|HS|  |TAMS 0x0000000082700000, 0x0000000082600000| Complete 
|  39|0x0000000082700000, 0x0000000082800000, 0x0000000082800000|100%|HC|  |TAMS 0x0000000082800000, 0x0000000082700000| Complete 
|  40|0x0000000082800000, 0x0000000082900000, 0x0000000082900000|100%|HC|  |TAMS 0x0000000082900000, 0x0000000082800000| Complete 
|  41|0x0000000082900000, 0x0000000082a00000, 0x0000000082a00000|100%| O|  |TAMS 0x0000000082a00000, 0x0000000082900000| Untracked 
|  42|0x0000000082a00000, 0x0000000082b00000, 0x0000000082b00000|100%| O|  |TAMS 0x0000000082b00000, 0x0000000082a00000| Untracked 
|  43|0x0000000082b00000, 0x0000000082c00000, 0x0000000082c00000|100%| O|  |TAMS 0x0000000082c00000, 0x0000000082b00000| Untracked 
|  44|0x0000000082c00000, 0x0000000082d00000, 0x0000000082d00000|100%| O|  |TAMS 0x0000000082d00000, 0x0000000082c00000| Untracked 
|  45|0x0000000082d00000, 0x0000000082e00000, 0x0000000082e00000|100%| O|  |TAMS 0x0000000082e00000, 0x0000000082d00000| Untracked 
|  46|0x0000000082e00000, 0x0000000082f00000, 0x0000000082f00000|100%| O|  |TAMS 0x0000000082f00000, 0x0000000082e00000| Untracked 
|  47|0x0000000082f00000, 0x0000000083000000, 0x0000000083000000|100%| O|  |TAMS 0x0000000083000000, 0x0000000082f00000| Untracked 
|  48|0x0000000083000000, 0x0000000083100000, 0x0000000083100000|100%| O|  |TAMS 0x0000000083100000, 0x0000000083000000| Untracked 
|  49|0x0000000083100000, 0x0000000083200000, 0x0000000083200000|100%| O|  |TAMS 0x0000000083200000, 0x0000000083100000| Untracked 
|  50|0x0000000083200000, 0x0000000083300000, 0x0000000083300000|100%| O|  |TAMS 0x0000000083300000, 0x0000000083200000| Untracked 
|  51|0x0000000083300000, 0x0000000083300000, 0x0000000083400000|  0%| F|  |TAMS 0x0000000083300000, 0x0000000083300000| Untracked 
|  52|0x0000000083400000, 0x0000000083400000, 0x0000000083500000|  0%| F|  |TAMS 0x0000000083400000, 0x0000000083400000| Untracked 
|  53|0x0000000083500000, 0x0000000083500000, 0x0000000083600000|  0%| F|  |TAMS 0x0000000083500000, 0x0000000083500000| Untracked 
|  54|0x0000000083600000, 0x0000000083600000, 0x0000000083700000|  0%| F|  |TAMS 0x0000000083600000, 0x0000000083600000| Untracked 
|  55|0x0000000083700000, 0x0000000083700000, 0x0000000083800000|  0%| F|  |TAMS 0x0000000083700000, 0x0000000083700000| Untracked 
|  56|0x0000000083800000, 0x0000000083800000, 0x0000000083900000|  0%| F|  |TAMS 0x0000000083800000, 0x0000000083800000| Untracked 
|  57|0x0000000083900000, 0x0000000083900000, 0x0000000083a00000|  0%| F|  |TAMS 0x0000000083900000, 0x0000000083900000| Untracked 
|  58|0x0000000083a00000, 0x0000000083a00000, 0x0000000083b00000|  0%| F|  |TAMS 0x0000000083a00000, 0x0000000083a00000| Untracked 
|  59|0x0000000083b00000, 0x0000000083b00000, 0x0000000083c00000|  0%| F|  |TAMS 0x0000000083b00000, 0x0000000083b00000| Untracked 
|  60|0x0000000083c00000, 0x0000000083c00000, 0x0000000083d00000|  0%| F|  |TAMS 0x0000000083c00000, 0x0000000083c00000| Untracked 
|  61|0x0000000083d00000, 0x0000000083d00000, 0x0000000083e00000|  0%| F|  |TAMS 0x0000000083d00000, 0x0000000083d00000| Untracked 
|  62|0x0000000083e00000, 0x0000000083e00000, 0x0000000083f00000|  0%| F|  |TAMS 0x0000000083e00000, 0x0000000083e00000| Untracked 
|  63|0x0000000083f00000, 0x0000000083f00000, 0x0000000084000000|  0%| F|  |TAMS 0x0000000083f00000, 0x0000000083f00000| Untracked 
|  64|0x0000000084000000, 0x0000000084000000, 0x0000000084100000|  0%| F|  |TAMS 0x0000000084000000, 0x0000000084000000| Untracked 
|  65|0x0000000084100000, 0x0000000084100000, 0x0000000084200000|  0%| F|  |TAMS 0x0000000084100000, 0x0000000084100000| Untracked 
|  66|0x0000000084200000, 0x0000000084200000, 0x0000000084300000|  0%| F|  |TAMS 0x0000000084200000, 0x0000000084200000| Untracked 
|  67|0x0000000084300000, 0x0000000084300000, 0x0000000084400000|  0%| F|  |TAMS 0x0000000084300000, 0x0000000084300000| Untracked 
|  68|0x0000000084400000, 0x0000000084400000, 0x0000000084500000|  0%| F|  |TAMS 0x0000000084400000, 0x0000000084400000| Untracked 
|  69|0x0000000084500000, 0x0000000084500000, 0x0000000084600000|  0%| F|  |TAMS 0x0000000084500000, 0x0000000084500000| Untracked 
|  70|0x0000000084600000, 0x00000000846fe538, 0x0000000084700000| 99%| S|CS|TAMS 0x0000000084600000, 0x0000000084600000| Complete 
|  71|0x0000000084700000, 0x0000000084800000, 0x0000000084800000|100%| S|CS|TAMS 0x0000000084700000, 0x0000000084700000| Complete 
|  72|0x0000000084800000, 0x0000000084800000, 0x0000000084900000|  0%| F|  |TAMS 0x0000000084800000, 0x0000000084800000| Untracked 
|  73|0x0000000084900000, 0x0000000084900000, 0x0000000084a00000|  0%| F|  |TAMS 0x0000000084900000, 0x0000000084900000| Untracked 
|  74|0x0000000084a00000, 0x0000000084a00000, 0x0000000084b00000|  0%| F|  |TAMS 0x0000000084a00000, 0x0000000084a00000| Untracked 
|  75|0x0000000084b00000, 0x0000000084c00000, 0x0000000084c00000|100%| S|CS|TAMS 0x0000000084b00000, 0x0000000084b00000| Complete 
|  76|0x0000000084c00000, 0x0000000084c00000, 0x0000000084d00000|  0%| F|  |TAMS 0x0000000084c00000, 0x0000000084c00000| Untracked 
|  77|0x0000000084d00000, 0x0000000084d00000, 0x0000000084e00000|  0%| F|  |TAMS 0x0000000084d00000, 0x0000000084d00000| Untracked 
|  78|0x0000000084e00000, 0x0000000084e00000, 0x0000000084f00000|  0%| F|  |TAMS 0x0000000084e00000, 0x0000000084e00000| Untracked 
|  79|0x0000000084f00000, 0x0000000084f00000, 0x0000000085000000|  0%| F|  |TAMS 0x0000000084f00000, 0x0000000084f00000| Untracked 
|  80|0x0000000085000000, 0x0000000085000000, 0x0000000085100000|  0%| F|  |TAMS 0x0000000085000000, 0x0000000085000000| Untracked 
|  81|0x0000000085100000, 0x0000000085100000, 0x0000000085200000|  0%| F|  |TAMS 0x0000000085100000, 0x0000000085100000| Untracked 
|  82|0x0000000085200000, 0x0000000085200000, 0x0000000085300000|  0%| F|  |TAMS 0x0000000085200000, 0x0000000085200000| Untracked 
|  83|0x0000000085300000, 0x0000000085300000, 0x0000000085400000|  0%| F|  |TAMS 0x0000000085300000, 0x0000000085300000| Untracked 
|  84|0x0000000085400000, 0x0000000085400000, 0x0000000085500000|  0%| F|  |TAMS 0x0000000085400000, 0x0000000085400000| Untracked 
|  85|0x0000000085500000, 0x0000000085500000, 0x0000000085600000|  0%| F|  |TAMS 0x0000000085500000, 0x0000000085500000| Untracked 
|  86|0x0000000085600000, 0x0000000085600000, 0x0000000085700000|  0%| F|  |TAMS 0x0000000085600000, 0x0000000085600000| Untracked 
|  87|0x0000000085700000, 0x0000000085780800, 0x0000000085800000| 50%| E|  |TAMS 0x0000000085700000, 0x0000000085700000| Complete 
|  88|0x0000000085800000, 0x0000000085900000, 0x0000000085900000|100%| E|CS|TAMS 0x0000000085800000, 0x0000000085800000| Complete 
|  89|0x0000000085900000, 0x0000000085a00000, 0x0000000085a00000|100%| E|CS|TAMS 0x0000000085900000, 0x0000000085900000| Complete 
|  90|0x0000000085a00000, 0x0000000085b00000, 0x0000000085b00000|100%| E|CS|TAMS 0x0000000085a00000, 0x0000000085a00000| Complete 
|  91|0x0000000085b00000, 0x0000000085c00000, 0x0000000085c00000|100%| E|CS|TAMS 0x0000000085b00000, 0x0000000085b00000| Complete 
|  92|0x0000000085c00000, 0x0000000085d00000, 0x0000000085d00000|100%| E|CS|TAMS 0x0000000085c00000, 0x0000000085c00000| Complete 
|  93|0x0000000085d00000, 0x0000000085e00000, 0x0000000085e00000|100%| E|CS|TAMS 0x0000000085d00000, 0x0000000085d00000| Complete 
|  94|0x0000000085e00000, 0x0000000085f00000, 0x0000000085f00000|100%| E|CS|TAMS 0x0000000085e00000, 0x0000000085e00000| Complete 
|  95|0x0000000085f00000, 0x0000000086000000, 0x0000000086000000|100%| E|CS|TAMS 0x0000000085f00000, 0x0000000085f00000| Complete 
|  96|0x0000000086000000, 0x0000000086100000, 0x0000000086100000|100%| E|CS|TAMS 0x0000000086000000, 0x0000000086000000| Complete 
|  97|0x0000000086100000, 0x0000000086200000, 0x0000000086200000|100%| E|CS|TAMS 0x0000000086100000, 0x0000000086100000| Complete 
|  98|0x0000000086200000, 0x0000000086300000, 0x0000000086300000|100%| E|CS|TAMS 0x0000000086200000, 0x0000000086200000| Complete 
|  99|0x0000000086300000, 0x0000000086400000, 0x0000000086400000|100%| E|CS|TAMS 0x0000000086300000, 0x0000000086300000| Complete 
| 100|0x0000000086400000, 0x0000000086500000, 0x0000000086500000|100%| E|CS|TAMS 0x0000000086400000, 0x0000000086400000| Complete 
| 101|0x0000000086500000, 0x0000000086600000, 0x0000000086600000|100%| E|CS|TAMS 0x0000000086500000, 0x0000000086500000| Complete 
| 102|0x0000000086600000, 0x0000000086700000, 0x0000000086700000|100%| E|CS|TAMS 0x0000000086600000, 0x0000000086600000| Complete 
| 103|0x0000000086700000, 0x0000000086800000, 0x0000000086800000|100%| E|CS|TAMS 0x0000000086700000, 0x0000000086700000| Complete 
| 104|0x0000000086800000, 0x0000000086900000, 0x0000000086900000|100%| E|CS|TAMS 0x0000000086800000, 0x0000000086800000| Complete 
| 105|0x0000000086900000, 0x0000000086a00000, 0x0000000086a00000|100%| E|CS|TAMS 0x0000000086900000, 0x0000000086900000| Complete 
| 123|0x0000000087b00000, 0x0000000087c00000, 0x0000000087c00000|100%| E|CS|TAMS 0x0000000087b00000, 0x0000000087b00000| Complete 

Card table byte_map: [0x0000017d28a30000,0x0000017d28e30000] _byte_map_base: 0x0000017d28630000

Marking Bits (Prev, Next): (CMBitMap*) 0x0000017d11a96870, (CMBitMap*) 0x0000017d11a96830
 Prev Bits: [0x0000017d2b230000, 0x0000017d2d230000)
 Next Bits: [0x0000017d29230000, 0x0000017d2b230000)

Polling page: 0x0000017d0f9a0000

Metaspace:

Usage:
  Non-class:     50.09 MB used.
      Class:      8.43 MB used.
       Both:     58.52 MB used.

Virtual space:
  Non-class space:       64.00 MB reserved,      50.50 MB ( 79%) committed,  1 nodes.
      Class space:      416.00 MB reserved,       8.81 MB (  2%) committed,  1 nodes.
             Both:      480.00 MB reserved,      59.31 MB ( 12%) committed. 

Chunk freelists:
   Non-Class:  12.69 MB
       Class:  7.21 MB
        Both:  19.90 MB

MaxMetaspaceSize: 512.00 MB
CompressedClassSpaceSize: 416.00 MB
Initial GC threshold: 21.00 MB
Current GC threshold: 97.12 MB
CDS: on
MetaspaceReclaimPolicy: balanced
 - commit_granule_bytes: 65536.
 - commit_granule_words: 8192.
 - virtual_space_node_default_size: 8388608.
 - enlarge_chunks_in_place: 1.
 - new_chunks_are_fully_committed: 0.
 - uncommit_free_chunks: 1.
 - use_allocation_guard: 0.
 - handle_deallocations: 1.


Internal statistics:

num_allocs_failed_limit: 6.
num_arena_births: 1082.
num_arena_deaths: 0.
num_vsnodes_births: 2.
num_vsnodes_deaths: 0.
num_space_committed: 949.
num_space_uncommitted: 0.
num_chunks_returned_to_freelist: 6.
num_chunks_taken_from_freelist: 3695.
num_chunk_merges: 6.
num_chunk_splits: 2401.
num_chunks_enlarged: 1529.
num_inconsistent_stats: 0.

CodeHeap 'non-profiled nmethods': size=120000Kb used=3679Kb max_used=3679Kb free=116320Kb
 bounds [0x0000017d20dc0000, 0x0000017d21160000, 0x0000017d282f0000]
CodeHeap 'profiled nmethods': size=120000Kb used=12579Kb max_used=12579Kb free=107420Kb
 bounds [0x0000017d192f0000, 0x0000017d19f40000, 0x0000017d20820000]
CodeHeap 'non-nmethods': size=5760Kb used=1702Kb max_used=1721Kb free=4057Kb
 bounds [0x0000017d20820000, 0x0000017d20a90000, 0x0000017d20dc0000]
 total_blobs=7227 nmethods=6449 adapters=690
 compilation: enabled
              stopped_count=0, restarted_count=0
 full_count=0

Compilation events (20 events):
Event: 20.741 Thread 0x0000017d4f0ec840 7196       4       java.lang.Class::descriptorString (170 bytes)
Event: 20.742 Thread 0x0000017d2fc7e6b0 7197       3       org.gradle.internal.instantiation.generator.DefaultInstantiatorFactory::decorateLenient (8 bytes)
Event: 20.742 Thread 0x0000017d2fc7e6b0 nmethod 7197 0x0000017d19f32110 code [0x0000017d19f322a0, 0x0000017d19f323d8]
Event: 20.742 Thread 0x0000017d2fc7e6b0 7198       3       org.gradle.api.internal.DefaultDomainObjectCollection::assertCanMutate (14 bytes)
Event: 20.742 Thread 0x0000017d2fc7e6b0 nmethod 7198 0x0000017d19f32490 code [0x0000017d19f32660, 0x0000017d19f32a48]
Event: 20.748 Thread 0x0000017d2fc7e6b0 7200       3       org.gradle.api.internal.DefaultNamedDomainObjectCollection$UnfilteredIndex::get (11 bytes)
Event: 20.749 Thread 0x0000017d2fc7e6b0 nmethod 7200 0x0000017d19f32b90 code [0x0000017d19f32d40, 0x0000017d19f32f08]
Event: 20.749 Thread 0x0000017d2fc7e6b0 7201       3       org.gradle.plugin.use.internal.DefaultPluginId::isQualified (10 bytes)
Event: 20.749 Thread 0x0000017d2fc7e6b0 nmethod 7201 0x0000017d19f33010 code [0x0000017d19f331c0, 0x0000017d19f33428]
Event: 20.769 Thread 0x0000017d4f0ec840 nmethod 7196 0x0000017d21156110 code [0x0000017d21156320, 0x0000017d21156f10]
Event: 20.769 Thread 0x0000017d4f0ec840 7199       4       java.lang.invoke.MethodHandles$Lookup::<init> (84 bytes)
Event: 20.771 Thread 0x0000017d4f0ec840 nmethod 7199 0x0000017d21157510 code [0x0000017d21157680, 0x0000017d211578b8]
Event: 20.831 Thread 0x0000017d2fc7e6b0 7202       3       org.gradle.api.internal.provider.AbstractProviderWithValue::<init> (5 bytes)
Event: 20.831 Thread 0x0000017d2fc7e6b0 nmethod 7202 0x0000017d19f33590 code [0x0000017d19f33740, 0x0000017d19f338f8]
Event: 20.880 Thread 0x0000017d2fc7e6b0 7203       3       sun.reflect.annotation.AnnotationParser::parseConst (209 bytes)
Event: 20.882 Thread 0x0000017d2fc7e6b0 nmethod 7203 0x0000017d19f33a10 code [0x0000017d19f33e60, 0x0000017d19f35958]
Event: 20.882 Thread 0x0000017d2fc7e6b0 7204       3       jdk.internal.reflect.AccessorGenerator::add (5 bytes)
Event: 20.882 Thread 0x0000017d2fc7e6b0 nmethod 7204 0x0000017d19f36310 code [0x0000017d19f364a0, 0x0000017d19f36598]
Event: 21.338 Thread 0x0000017d2fc7e6b0 7206       3       javax.management.ObjectName::isPropertyListPattern (17 bytes)
Event: 21.338 Thread 0x0000017d2fc7e6b0 nmethod 7206 0x0000017d19f36610 code [0x0000017d19f367a0, 0x0000017d19f36918]

GC Heap History (20 events):
Event: 9.293 GC heap before
{Heap before GC invocations=7 (full 0):
 garbage-first heap   total 86016K, used 25808K [0x0000000080000000, 0x0000000100000000)
  region size 1024K, 5 young (5120K), 4 survivors (4096K)
 Metaspace       used 26952K, committed 27264K, reserved 491520K
  class space    used 3839K, committed 3968K, reserved 425984K
}
Event: 9.297 GC heap after
{Heap after GC invocations=8 (full 0):
 garbage-first heap   total 86016K, used 25162K [0x0000000080000000, 0x0000000100000000)
  region size 1024K, 1 young (1024K), 1 survivors (1024K)
 Metaspace       used 26952K, committed 27264K, reserved 491520K
  class space    used 3839K, committed 3968K, reserved 425984K
}
Event: 10.482 GC heap before
{Heap before GC invocations=8 (full 0):
 garbage-first heap   total 86016K, used 63050K [0x0000000080000000, 0x0000000100000000)
  region size 1024K, 39 young (39936K), 1 survivors (1024K)
 Metaspace       used 33027K, committed 33408K, reserved 491520K
  class space    used 4616K, committed 4800K, reserved 425984K
}
Event: 10.486 GC heap after
{Heap after GC invocations=9 (full 0):
 garbage-first heap   total 122880K, used 27893K [0x0000000080000000, 0x0000000100000000)
  region size 1024K, 4 young (4096K), 4 survivors (4096K)
 Metaspace       used 33027K, committed 33408K, reserved 491520K
  class space    used 4616K, committed 4800K, reserved 425984K
}
Event: 11.457 GC heap before
{Heap before GC invocations=9 (full 0):
 garbage-first heap   total 122880K, used 51445K [0x0000000080000000, 0x0000000100000000)
  region size 1024K, 28 young (28672K), 4 survivors (4096K)
 Metaspace       used 35575K, committed 36096K, reserved 491520K
  class space    used 5018K, committed 5248K, reserved 425984K
}
Event: 11.465 GC heap after
{Heap after GC invocations=10 (full 0):
 garbage-first heap   total 122880K, used 30073K [0x0000000080000000, 0x0000000100000000)
  region size 1024K, 6 young (6144K), 6 survivors (6144K)
 Metaspace       used 35575K, committed 36096K, reserved 491520K
  class space    used 5018K, committed 5248K, reserved 425984K
}
Event: 12.617 GC heap before
{Heap before GC invocations=11 (full 0):
 garbage-first heap   total 109568K, used 89465K [0x0000000080000000, 0x0000000100000000)
  region size 1024K, 64 young (65536K), 6 survivors (6144K)
 Metaspace       used 38459K, committed 39040K, reserved 491520K
  class space    used 5501K, committed 5760K, reserved 425984K
}
Event: 12.627 GC heap after
{Heap after GC invocations=12 (full 0):
 garbage-first heap   total 109568K, used 32399K [0x0000000080000000, 0x0000000100000000)
  region size 1024K, 5 young (5120K), 5 survivors (5120K)
 Metaspace       used 38459K, committed 39040K, reserved 491520K
  class space    used 5501K, committed 5760K, reserved 425984K
}
Event: 13.899 GC heap before
{Heap before GC invocations=12 (full 0):
 garbage-first heap   total 109568K, used 81551K [0x0000000080000000, 0x0000000100000000)
  region size 1024K, 53 young (54272K), 5 survivors (5120K)
 Metaspace       used 43201K, committed 43968K, reserved 491520K
  class space    used 6238K, committed 6592K, reserved 425984K
}
Event: 13.906 GC heap after
{Heap after GC invocations=13 (full 0):
 garbage-first heap   total 109568K, used 35652K [0x0000000080000000, 0x0000000100000000)
  region size 1024K, 6 young (6144K), 6 survivors (6144K)
 Metaspace       used 43201K, committed 43968K, reserved 491520K
  class space    used 6238K, committed 6592K, reserved 425984K
}
Event: 15.473 GC heap before
{Heap before GC invocations=13 (full 0):
 garbage-first heap   total 109568K, used 81732K [0x0000000080000000, 0x0000000100000000)
  region size 1024K, 52 young (53248K), 6 survivors (6144K)
 Metaspace       used 48510K, committed 49216K, reserved 491520K
  class space    used 7002K, committed 7360K, reserved 425984K
}
Event: 15.481 GC heap after
{Heap after GC invocations=14 (full 0):
 garbage-first heap   total 109568K, used 37934K [0x0000000080000000, 0x0000000100000000)
  region size 1024K, 6 young (6144K), 6 survivors (6144K)
 Metaspace       used 48510K, committed 49216K, reserved 491520K
  class space    used 7002K, committed 7360K, reserved 425984K
}
Event: 18.065 GC heap before
{Heap before GC invocations=14 (full 0):
 garbage-first heap   total 109568K, used 84014K [0x0000000080000000, 0x0000000100000000)
  region size 1024K, 51 young (52224K), 6 survivors (6144K)
 Metaspace       used 50803K, committed 51520K, reserved 491520K
  class space    used 7299K, committed 7616K, reserved 425984K
}
Event: 18.073 GC heap after
{Heap after GC invocations=15 (full 0):
 garbage-first heap   total 109568K, used 41787K [0x0000000080000000, 0x0000000100000000)
  region size 1024K, 7 young (7168K), 7 survivors (7168K)
 Metaspace       used 50803K, committed 51520K, reserved 491520K
  class space    used 7299K, committed 7616K, reserved 425984K
}
Event: 18.985 GC heap before
{Heap before GC invocations=15 (full 0):
 garbage-first heap   total 109568K, used 89915K [0x0000000080000000, 0x0000000100000000)
  region size 1024K, 48 young (49152K), 7 survivors (7168K)
 Metaspace       used 53315K, committed 54144K, reserved 491520K
  class space    used 7621K, committed 8000K, reserved 425984K
}
Event: 18.992 GC heap after
{Heap after GC invocations=16 (full 0):
 garbage-first heap   total 109568K, used 51597K [0x0000000080000000, 0x0000000100000000)
  region size 1024K, 6 young (6144K), 6 survivors (6144K)
 Metaspace       used 53315K, committed 54144K, reserved 491520K
  class space    used 7621K, committed 8000K, reserved 425984K
}
Event: 19.696 GC heap before
{Heap before GC invocations=16 (full 0):
 garbage-first heap   total 109568K, used 84365K [0x0000000080000000, 0x0000000100000000)
  region size 1024K, 38 young (38912K), 6 survivors (6144K)
 Metaspace       used 56190K, committed 56960K, reserved 491520K
  class space    used 8017K, committed 8384K, reserved 425984K
}
Event: 19.702 GC heap after
{Heap after GC invocations=17 (full 0):
 garbage-first heap   total 109568K, used 53665K [0x0000000080000000, 0x0000000100000000)
  region size 1024K, 3 young (3072K), 3 survivors (3072K)
 Metaspace       used 56190K, committed 56960K, reserved 491520K
  class space    used 8017K, committed 8384K, reserved 425984K
}
Event: 20.373 GC heap before
{Heap before GC invocations=17 (full 0):
 garbage-first heap   total 109568K, used 85409K [0x0000000080000000, 0x0000000100000000)
  region size 1024K, 34 young (34816K), 3 survivors (3072K)
 Metaspace       used 58613K, committed 59392K, reserved 491520K
  class space    used 8386K, committed 8768K, reserved 425984K
}
Event: 20.378 GC heap after
{Heap after GC invocations=18 (full 0):
 garbage-first heap   total 109568K, used 54329K [0x0000000080000000, 0x0000000100000000)
  region size 1024K, 3 young (3072K), 3 survivors (3072K)
 Metaspace       used 58613K, committed 59392K, reserved 491520K
  class space    used 8386K, committed 8768K, reserved 425984K
}

Deoptimization events (20 events):
Event: 20.497 Thread 0x0000017d50c7b5e0 Uncommon trap: trap_request=0xffffffde fr.pc=0x0000017d2114d6c8 relative=0x00000000000004e8
Event: 20.497 Thread 0x0000017d50c7b5e0 Uncommon trap: reason=class_check action=maybe_recompile pc=0x0000017d2114d6c8 method=java.util.regex.Matcher.search(I)Z @ 121 c2
Event: 20.497 Thread 0x0000017d50c7b5e0 DEOPT PACKING pc=0x0000017d2114d6c8 sp=0x0000001c004f3dd0
Event: 20.497 Thread 0x0000017d50c7b5e0 DEOPT UNPACKING pc=0x0000017d20875ba3 sp=0x0000001c004f3d80 mode 2
Event: 20.497 Thread 0x0000017d50c7b5e0 Uncommon trap: trap_request=0xffffffde fr.pc=0x0000017d2114d6c8 relative=0x00000000000004e8
Event: 20.497 Thread 0x0000017d50c7b5e0 Uncommon trap: reason=class_check action=maybe_recompile pc=0x0000017d2114d6c8 method=java.util.regex.Matcher.search(I)Z @ 121 c2
Event: 20.497 Thread 0x0000017d50c7b5e0 DEOPT PACKING pc=0x0000017d2114d6c8 sp=0x0000001c004f3dd0
Event: 20.498 Thread 0x0000017d50c7b5e0 DEOPT UNPACKING pc=0x0000017d20875ba3 sp=0x0000001c004f3d80 mode 2
Event: 20.647 Thread 0x0000017d50c7b5e0 Uncommon trap: trap_request=0xffffffde fr.pc=0x0000017d20fe4250 relative=0x0000000000008110
Event: 20.647 Thread 0x0000017d50c7b5e0 Uncommon trap: reason=class_check action=maybe_recompile pc=0x0000017d20fe4250 method=java.lang.Class.createAnnotationData(I)Ljava/lang/Class$AnnotationData; @ 103 c2
Event: 20.647 Thread 0x0000017d50c7b5e0 DEOPT PACKING pc=0x0000017d20fe4250 sp=0x0000001c004f2930
Event: 20.647 Thread 0x0000017d50c7b5e0 DEOPT UNPACKING pc=0x0000017d20875ba3 sp=0x0000001c004f2900 mode 2
Event: 20.647 Thread 0x0000017d50c7b5e0 Uncommon trap: trap_request=0xffffffde fr.pc=0x0000017d20fe4250 relative=0x0000000000008110
Event: 20.647 Thread 0x0000017d50c7b5e0 Uncommon trap: reason=class_check action=maybe_recompile pc=0x0000017d20fe4250 method=java.lang.Class.createAnnotationData(I)Ljava/lang/Class$AnnotationData; @ 103 c2
Event: 20.647 Thread 0x0000017d50c7b5e0 DEOPT PACKING pc=0x0000017d20fe4250 sp=0x0000001c004f2930
Event: 20.647 Thread 0x0000017d50c7b5e0 DEOPT UNPACKING pc=0x0000017d20875ba3 sp=0x0000001c004f2900 mode 2
Event: 20.648 Thread 0x0000017d50c7b5e0 Uncommon trap: trap_request=0xffffffde fr.pc=0x0000017d20fe4250 relative=0x0000000000008110
Event: 20.648 Thread 0x0000017d50c7b5e0 Uncommon trap: reason=class_check action=maybe_recompile pc=0x0000017d20fe4250 method=java.lang.Class.createAnnotationData(I)Ljava/lang/Class$AnnotationData; @ 103 c2
Event: 20.648 Thread 0x0000017d50c7b5e0 DEOPT PACKING pc=0x0000017d20fe4250 sp=0x0000001c004f2930
Event: 20.648 Thread 0x0000017d50c7b5e0 DEOPT UNPACKING pc=0x0000017d20875ba3 sp=0x0000001c004f2900 mode 2

Classes unloaded (0 events):
No events

Classes redefined (0 events):
No events

Internal exceptions (20 events):
Event: 17.382 Thread 0x0000017d50c7b5e0 Exception <a 'java/lang/NoSuchMethodError'{0x0000000085c2f2f8}: static Lorg/gradle/api/internal/catalog/DefaultVersionCatalog;.<clinit>()V> (0x0000000085c2f2f8) 
thrown [s\open\src\hotspot\share\prims\jni.cpp, line 1112]
Event: 17.386 Thread 0x0000017d50c7b5e0 Exception <a 'java/lang/NoSuchMethodError'{0x0000000085c6ed40}: static [Ljava/lang/Object;.<clinit>()V> (0x0000000085c6ed40) 
thrown [s\open\src\hotspot\share\prims\jni.cpp, line 1112]
Event: 17.389 Thread 0x0000017d50c7b5e0 Exception <a 'java/lang/NoSuchMethodError'{0x0000000085cb1d70}: static Lorg/gradle/api/internal/catalog/DependencyModel;.<clinit>()V> (0x0000000085cb1d70) 
thrown [s\open\src\hotspot\share\prims\jni.cpp, line 1112]
Event: 17.389 Thread 0x0000017d50c7b5e0 Exception <a 'java/lang/NoSuchMethodError'{0x0000000085cb5c90}: static Lorg/gradle/api/internal/catalog/AbstractContextAwareModel;.<clinit>()V> (0x0000000085cb5c90) 
thrown [s\open\src\hotspot\share\prims\jni.cpp, line 1112]
Event: 17.391 Thread 0x0000017d50c7b5e0 Exception <a 'java/lang/NoSuchMethodError'{0x0000000085cd3620}: static Lorg/gradle/api/internal/artifacts/dependencies/AbstractVersionConstraint;.<clinit>()V> (0x0000000085cd3620) 
thrown [s\open\src\hotspot\share\prims\jni.cpp, line 1112]
Event: 17.401 Thread 0x0000017d50c7b5e0 Exception <a 'java/lang/NoSuchMethodError'{0x0000000085b3da40}: static Lorg/gradle/api/internal/catalog/PluginModel;.<clinit>()V> (0x0000000085b3da40) 
thrown [s\open\src\hotspot\share\prims\jni.cpp, line 1112]
Event: 17.402 Thread 0x0000017d50c7b5e0 Exception <a 'java/lang/NoSuchMethodError'{0x0000000085b58d68}: static Lorg/gradle/api/internal/catalog/VersionModel;.<clinit>()V> (0x0000000085b58d68) 
thrown [s\open\src\hotspot\share\prims\jni.cpp, line 1112]
Event: 17.404 Thread 0x0000017d50c7b5e0 Exception <a 'java/lang/NoSuchMethodError'{0x0000000085b63418}: 'void java.lang.invoke.DirectMethodHandle$Holder.invokeSpecial(java.lang.Object, java.lang.Object, java.lang.Object, int)'> (0x0000000085b63418) 
thrown [s\open\src\hotspot\share\interpreter\linkResolver.cpp, line 759]
Event: 17.622 Thread 0x0000017d50c7b5e0 Exception <a 'java/lang/IncompatibleClassChangeError'{0x00000000856562f8}: Found class java.lang.Object, but interface was expected> (0x00000000856562f8) 
thrown [s\open\src\hotspot\share\interpreter\linkResolver.cpp, line 826]
Event: 18.660 Thread 0x0000017d50c7b5e0 Implicit null exception at 0x0000017d20e1a514 to 0x0000017d20e1ab90
Event: 18.801 Thread 0x0000017d50c7b5e0 Exception <a 'java/lang/NoClassDefFoundError'{0x0000000084bc0058}: com/android/Version> (0x0000000084bc0058) 
thrown [s\open\src\hotspot\share\classfile\systemDictionary.cpp, line 245]
Event: 18.939 Thread 0x0000017d50c7b5e0 Exception <a 'java/lang/NoSuchMethodError'{0x00000000844b22f8}: static Lorg/jetbrains/kotlin/gradle/plugin/internal/DefaultProjectIsolationStartParameterAccessor$Factory;.<clinit>()V> (0x00000000844b22f8) 
thrown [s\open\src\hotspot\share\prims\jni.cpp, line 1112]
Event: 18.944 Thread 0x0000017d50c7b5e0 Exception <a 'java/lang/NoSuchMethodError'{0x00000000844f7b50}: static Lorg/jetbrains/kotlin/gradle/plugin/internal/DefaultJavaExecTaskParametersCompatibility$Factory;.<clinit>()V> (0x00000000844f7b50) 
thrown [s\open\src\hotspot\share\prims\jni.cpp, line 1112]
Event: 18.946 Thread 0x0000017d50c7b5e0 Exception <a 'java/lang/NoSuchMethodError'{0x000000008432ef30}: static Lorg/jetbrains/kotlin/gradle/plugin/internal/DefaultMavenPublicationComponentAccessorFactory;.<clinit>()V> (0x000000008432ef30) 
thrown [s\open\src\hotspot\share\prims\jni.cpp, line 1112]
Event: 18.948 Thread 0x0000017d50c7b5e0 Exception <a 'java/lang/NoSuchMethodError'{0x0000000084363840}: static Lorg/jetbrains/kotlin/gradle/plugin/internal/DefaultCompatibilityConventionRegistrar$Factory;.<clinit>()V> (0x0000000084363840) 
thrown [s\open\src\hotspot\share\prims\jni.cpp, line 1112]
Event: 18.951 Thread 0x0000017d50c7b5e0 Exception <a 'java/lang/NoSuchMethodError'{0x0000000084388370}: static Lorg/jetbrains/kotlin/gradle/plugin/internal/DefaultConfigurationCacheStartParameterAccessorVariantFactory;.<clinit>()V> (0x0000000084388370) 
thrown [s\open\src\hotspot\share\prims\jni.cpp, line 1112]
Event: 19.002 Thread 0x0000017d50c7b5e0 Exception <a 'java/lang/IncompatibleClassChangeError'{0x0000000087b24420}: Found class java.lang.Object, but interface was expected> (0x0000000087b24420) 
thrown [s\open\src\hotspot\share\interpreter\linkResolver.cpp, line 826]
Event: 19.208 Thread 0x0000017d50c7b5e0 Exception <a 'java/lang/NoSuchMethodError'{0x00000000863f3760}: static Ljava/lang/Object;.<clinit>()V> (0x00000000863f3760) 
thrown [s\open\src\hotspot\share\prims\jni.cpp, line 1112]
Event: 19.221 Thread 0x0000017d50c7b5e0 Exception <a 'java/lang/NoSuchMethodError'{0x00000000862a16b8}: static Lorg/jetbrains/kotlin/gradle/plugin/statistics/MetricContainer;.<clinit>()V> (0x00000000862a16b8) 
thrown [s\open\src\hotspot\share\prims\jni.cpp, line 1112]
Event: 20.319 Thread 0x0000017d50c7b5e0 Exception <a 'java/lang/NoSuchMethodError'{0x0000000084d35110}: 'void java.lang.invoke.DirectMethodHandle$Holder.invokeVirtual(java.lang.Object, java.lang.Object)'> (0x0000000084d35110) 
thrown [s\open\src\hotspot\share\interpreter\linkResolver.cpp, line 759]

VM Operations (20 events):
Event: 18.766 Executing VM operation: HandshakeAllThreads
Event: 18.766 Executing VM operation: HandshakeAllThreads done
Event: 18.869 Executing VM operation: HandshakeAllThreads
Event: 18.870 Executing VM operation: HandshakeAllThreads done
Event: 18.985 Executing VM operation: G1CollectForAllocation
Event: 18.992 Executing VM operation: G1CollectForAllocation done
Event: 19.696 Executing VM operation: G1CollectForAllocation
Event: 19.702 Executing VM operation: G1CollectForAllocation done
Event: 20.263 Executing VM operation: HandshakeAllThreads
Event: 20.263 Executing VM operation: HandshakeAllThreads done
Event: 20.367 Executing VM operation: HandshakeAllThreads
Event: 20.367 Executing VM operation: HandshakeAllThreads done
Event: 20.373 Executing VM operation: G1CollectForAllocation
Event: 20.378 Executing VM operation: G1CollectForAllocation done
Event: 20.425 Executing VM operation: G1Concurrent
Event: 20.431 Executing VM operation: G1Concurrent done
Event: 20.453 Executing VM operation: G1Concurrent
Event: 20.454 Executing VM operation: G1Concurrent done
Event: 21.461 Executing VM operation: Cleanup
Event: 21.461 Executing VM operation: Cleanup done

Events (20 events):
Event: 20.248 loading class com/sun/org/apache/xerces/internal/jaxp/DocumentBuilderFactoryImpl done
Event: 20.249 loading class com/sun/org/apache/xerces/internal/utils/XMLSecurityManager
Event: 20.249 loading class com/sun/org/apache/xerces/internal/utils/XMLSecurityManager done
Event: 20.250 loading class com/sun/org/apache/xerces/internal/utils/XMLSecurityManager$Limit
Event: 20.250 loading class com/sun/org/apache/xerces/internal/utils/XMLSecurityManager$Limit done
Event: 20.251 loading class com/sun/org/apache/xerces/internal/utils/XMLSecurityManager$NameMap
Event: 20.251 loading class com/sun/org/apache/xerces/internal/utils/XMLSecurityManager$NameMap done
Event: 20.251 loading class com/sun/org/apache/xerces/internal/utils/XMLSecurityPropertyManager
Event: 20.251 loading class com/sun/org/apache/xerces/internal/utils/XMLSecurityPropertyManager done
Event: 20.251 loading class com/sun/org/apache/xerces/internal/utils/XMLSecurityPropertyManager$State
Event: 20.251 loading class com/sun/org/apache/xerces/internal/utils/XMLSecurityPropertyManager$State done
Event: 20.251 loading class com/sun/org/apache/xerces/internal/utils/XMLSecurityPropertyManager$Property
Event: 20.251 loading class com/sun/org/apache/xerces/internal/utils/XMLSecurityPropertyManager$Property done
Event: 20.288 loading class java/util/regex/Pattern$SliceI
Event: 20.289 loading class java/util/regex/Pattern$SliceI done
Event: 20.313 Thread 0x0000017d515b16d0 Thread added: 0x0000017d515b16d0
Event: 20.494 loading class java/beans/PropertyChangeListener
Event: 20.495 loading class java/beans/PropertyChangeListener done
Event: 20.632 Thread 0x0000017d4f0ec840 Thread added: 0x0000017d4f0ec840
Event: 20.880 Thread 0x0000017d4f0ec840 Thread exited: 0x0000017d4f0ec840


Dynamic libraries:
0x00007ff6d5090000 - 0x00007ff6d50a0000 	C:\Program Files\Java\jdk-17\bin\java.exe
0x00007ff983f20000 - 0x00007ff984187000 	C:\WINDOWS\SYSTEM32\ntdll.dll
0x00007ff9830a0000 - 0x00007ff983169000 	C:\WINDOWS\System32\KERNEL32.DLL
0x00007ff980960000 - 0x00007ff980d51000 	C:\WINDOWS\System32\KERNELBASE.dll
0x00007ff980f60000 - 0x00007ff9810ab000 	C:\WINDOWS\System32\ucrtbase.dll
0x00007ff93c890000 - 0x00007ff93c8ab000 	C:\Program Files\Java\jdk-17\bin\VCRUNTIME140.dll
0x00007ff946230000 - 0x00007ff946249000 	C:\Program Files\Java\jdk-17\bin\jli.dll
0x00007ff983d20000 - 0x00007ff983ddb000 	C:\WINDOWS\System32\ADVAPI32.dll
0x00007ff981d40000 - 0x00007ff981de9000 	C:\WINDOWS\System32\msvcrt.dll
0x00007ff983be0000 - 0x00007ff983c87000 	C:\WINDOWS\System32\sechost.dll
0x00007ff982860000 - 0x00007ff982978000 	C:\WINDOWS\System32\RPCRT4.dll
0x00007ff983240000 - 0x00007ff983405000 	C:\WINDOWS\System32\USER32.dll
0x00007ff980930000 - 0x00007ff980957000 	C:\WINDOWS\System32\win32u.dll
0x00007ff966480000 - 0x00007ff966713000 	C:\WINDOWS\WinSxS\amd64_microsoft.windows.common-controls_6595b64144ccf1df_6.0.26100.8037_none_3e092faae333b53b\COMCTL32.dll
0x00007ff982a00000 - 0x00007ff982a2b000 	C:\WINDOWS\System32\GDI32.dll
0x00007ff980800000 - 0x00007ff98092b000 	C:\WINDOWS\System32\gdi32full.dll
0x00007ff981c10000 - 0x00007ff981cb3000 	C:\WINDOWS\System32\msvcp_win.dll
0x00007ff96df40000 - 0x00007ff96df4b000 	C:\WINDOWS\SYSTEM32\VERSION.dll
0x00007ff983200000 - 0x00007ff983231000 	C:\WINDOWS\System32\IMM32.DLL
0x00007ff96f190000 - 0x00007ff96f19c000 	C:\Program Files\Java\jdk-17\bin\vcruntime140_1.dll
0x00007ff93c800000 - 0x00007ff93c88e000 	C:\Program Files\Java\jdk-17\bin\msvcp140.dll
0x00007ff8e7c60000 - 0x00007ff8e8840000 	C:\Program Files\Java\jdk-17\bin\server\jvm.dll
0x00007ff981df0000 - 0x00007ff981df8000 	C:\WINDOWS\System32\PSAPI.DLL
0x00007ff956d50000 - 0x00007ff956d5a000 	C:\WINDOWS\SYSTEM32\WSOCK32.dll
0x00007ff975650000 - 0x00007ff975685000 	C:\WINDOWS\SYSTEM32\WINMM.dll
0x00007ff982980000 - 0x00007ff9829f4000 	C:\WINDOWS\System32\WS2_32.dll
0x00007ff97f570000 - 0x00007ff97f58b000 	C:\WINDOWS\SYSTEM32\kernel.appcore.dll
0x00007ff958720000 - 0x00007ff95872a000 	C:\Program Files\Java\jdk-17\bin\jimage.dll
0x00007ff97e1c0000 - 0x00007ff97e402000 	C:\WINDOWS\SYSTEM32\DBGHELP.DLL
0x00007ff9835b0000 - 0x00007ff983932000 	C:\WINDOWS\System32\combase.dll
0x00007ff983940000 - 0x00007ff983a17000 	C:\WINDOWS\System32\OLEAUT32.dll
0x00007ff959890000 - 0x00007ff9598cb000 	C:\WINDOWS\SYSTEM32\dbgcore.DLL
0x00007ff980d60000 - 0x00007ff980e05000 	C:\WINDOWS\System32\bcryptPrimitives.dll
0x00007ff93c7f0000 - 0x00007ff93c7fe000 	C:\Program Files\Java\jdk-17\bin\instrument.dll
0x00007ff92a830000 - 0x00007ff92a855000 	C:\Program Files\Java\jdk-17\bin\java.dll
0x00007ff927c10000 - 0x00007ff927ce7000 	C:\Program Files\Java\jdk-17\bin\jsvml.dll
0x00007ff981e20000 - 0x00007ff98257f000 	C:\WINDOWS\System32\SHELL32.dll
0x00007ff981aa0000 - 0x00007ff981c0a000 	C:\WINDOWS\System32\wintypes.dll
0x00007ff981230000 - 0x00007ff981a94000 	C:\WINDOWS\System32\windows.storage.dll
0x00007ff983de0000 - 0x00007ff983ed7000 	C:\WINDOWS\System32\SHCORE.dll
0x00007ff982730000 - 0x00007ff982797000 	C:\WINDOWS\System32\shlwapi.dll
0x00007ff980720000 - 0x00007ff980749000 	C:\WINDOWS\SYSTEM32\profapi.dll
0x00007ff9289a0000 - 0x00007ff9289b8000 	C:\Program Files\Java\jdk-17\bin\zip.dll
0x00007ff928980000 - 0x00007ff928999000 	C:\Program Files\Java\jdk-17\bin\net.dll
0x00007ff96fc20000 - 0x00007ff96fd47000 	C:\WINDOWS\SYSTEM32\WINHTTP.dll
0x00007ff97fb00000 - 0x00007ff97fb6b000 	C:\WINDOWS\system32\mswsock.dll
0x00007ff9284d0000 - 0x00007ff9284e6000 	C:\Program Files\Java\jdk-17\bin\nio.dll
0x00007ff929060000 - 0x00007ff929070000 	C:\Program Files\Java\jdk-17\bin\verify.dll
0x00007ff956d60000 - 0x00007ff956d87000 	C:\Users\husuk\.gradle\native\1def1411415f61bf3af743bc5b6707747c0891f09f0c88961ee8f79bc544acac\windows-amd64\native-platform.dll
0x00007ff9467a0000 - 0x00007ff946817000 	C:\Users\husuk\.gradle\native\0.2.8\x86_64-windows-gnu\gradle-fileevents.dll
0x00007ff9284c0000 - 0x00007ff9284ca000 	C:\Program Files\Java\jdk-17\bin\management.dll
0x00007ff9283c0000 - 0x00007ff9283cb000 	C:\Program Files\Java\jdk-17\bin\management_ext.dll
0x00007ff97ef90000 - 0x00007ff97efc3000 	C:\WINDOWS\SYSTEM32\IPHLPAPI.DLL
0x00007ff983d10000 - 0x00007ff983d1a000 	C:\WINDOWS\System32\NSI.dll
0x00007ff977d00000 - 0x00007ff977d1d000 	C:\WINDOWS\SYSTEM32\dhcpcsvc6.DLL
0x00007ff977cc0000 - 0x00007ff977ce3000 	C:\WINDOWS\SYSTEM32\dhcpcsvc.DLL
0x00007ff97f030000 - 0x00007ff97f15a000 	C:\WINDOWS\SYSTEM32\DNSAPI.dll
0x00007ff97fdf0000 - 0x00007ff97fe0b000 	C:\WINDOWS\SYSTEM32\CRYPTSP.dll
0x00007ff97f4d0000 - 0x00007ff97f509000 	C:\WINDOWS\system32\rsaenh.dll
0x00007ff97fbb0000 - 0x00007ff97fbe2000 	C:\WINDOWS\SYSTEM32\USERENV.dll
0x00007ff9806f0000 - 0x00007ff98071a000 	C:\WINDOWS\SYSTEM32\bcrypt.dll
0x00007ff97fde0000 - 0x00007ff97fdec000 	C:\WINDOWS\SYSTEM32\CRYPTBASE.dll
0x00007ff927ee0000 - 0x00007ff927eee000 	C:\Program Files\Java\jdk-17\bin\sunmscapi.dll
0x00007ff9810b0000 - 0x00007ff981227000 	C:\WINDOWS\System32\CRYPT32.dll
0x00007ff980000000 - 0x00007ff980030000 	C:\WINDOWS\SYSTEM32\ncrypt.dll
0x00007ff97ffb0000 - 0x00007ff97ffef000 	C:\WINDOWS\SYSTEM32\NTASN1.dll
0x00007ff8f3ad0000 - 0x00007ff8f3ad8000 	C:\WINDOWS\system32\wshunix.dll

dbghelp: loaded successfully - version: 4.0.5 - missing functions: none
symbol engine: initialized successfully - sym options: 0x614 - pdb path: .;C:\Program Files\Java\jdk-17\bin;C:\WINDOWS\SYSTEM32;C:\WINDOWS\WinSxS\amd64_microsoft.windows.common-controls_6595b64144ccf1df_6.0.26100.8037_none_3e092faae333b53b;C:\Program Files\Java\jdk-17\bin\server;C:\Users\husuk\.gradle\native\1def1411415f61bf3af743bc5b6707747c0891f09f0c88961ee8f79bc544acac\windows-amd64;C:\Users\husuk\.gradle\native\0.2.8\x86_64-windows-gnu

VM Arguments:
jvm_args: --add-opens=java.base/java.lang=ALL-UNNAMED --add-opens=java.base/java.lang.invoke=ALL-UNNAMED --add-opens=java.base/java.util=ALL-UNNAMED --add-opens=java.prefs/java.util.prefs=ALL-UNNAMED --add-exports=jdk.compiler/com.sun.tools.javac.api=ALL-UNNAMED --add-exports=jdk.compiler/com.sun.tools.javac.util=ALL-UNNAMED --add-opens=java.base/java.util=ALL-UNNAMED --add-opens=java.prefs/java.util.prefs=ALL-UNNAMED --add-opens=java.base/java.nio.charset=ALL-UNNAMED --add-opens=java.base/java.net=ALL-UNNAMED --add-opens=java.base/java.util.concurrent=ALL-UNNAMED --add-opens=java.base/java.util.concurrent.atomic=ALL-UNNAMED --add-opens=java.xml/javax.xml.namespace=ALL-UNNAMED -XX:MaxMetaspaceSize=512m -Xmx2048m -Dfile.encoding=windows-1252 -Duser.country=US -Duser.language=en -Duser.variant -javaagent:C:\Users\husuk\.gradle\wrapper\dists\gradle-9.0.0-bin\d6wjpkvcgsg3oed0qlfss3wgl\gradle-9.0.0\lib\agents\gradle-instrumentation-agent-9.0.0.jar 
java_command: org.gradle.launcher.daemon.bootstrap.GradleDaemon 9.0.0
java_class_path (initial): C:\Users\husuk\.gradle\wrapper\dists\gradle-9.0.0-bin\d6wjpkvcgsg3oed0qlfss3wgl\gradle-9.0.0\lib\gradle-daemon-main-9.0.0.jar
Launcher Type: SUN_STANDARD

[Global flags]
     intx CICompilerCount                          = 4                                         {product} {ergonomic}
   size_t CompressedClassSpaceSize                 = 436207616                                 {product} {ergonomic}
     uint ConcGCThreads                            = 2                                         {product} {ergonomic}
     uint G1ConcRefinementThreads                  = 8                                         {product} {ergonomic}
   size_t G1HeapRegionSize                         = 1048576                                   {product} {ergonomic}
    uintx GCDrainStackTargetSize                   = 64                                        {product} {ergonomic}
   size_t InitialHeapSize                          = 130023424                                 {product} {ergonomic}
   size_t MarkStackSize                            = 4194304                                   {product} {ergonomic}
   size_t MaxHeapSize                              = 2147483648                                {product} {command line}
   size_t MaxMetaspaceSize                         = 536870912                                 {product} {command line}
   size_t MaxNewSize                               = 1287651328                                {product} {ergonomic}
   size_t MinHeapDeltaBytes                        = 1048576                                   {product} {ergonomic}
   size_t MinHeapSize                              = 8388608                                   {product} {ergonomic}
    uintx NonNMethodCodeHeapSize                   = 5839372                                {pd product} {ergonomic}
    uintx NonProfiledCodeHeapSize                  = 122909434                              {pd product} {ergonomic}
    uintx ProfiledCodeHeapSize                     = 122909434                              {pd product} {ergonomic}
    uintx ReservedCodeCacheSize                    = 251658240                              {pd product} {ergonomic}
     bool SegmentedCodeCache                       = true                                      {product} {ergonomic}
   size_t SoftMaxHeapSize                          = 2147483648                             {manageable} {ergonomic}
     bool UseCompressedClassPointers               = true                           {product lp64_product} {ergonomic}
     bool UseCompressedOops                        = true                           {product lp64_product} {ergonomic}
     bool UseG1GC                                  = true                                      {product} {ergonomic}
     bool UseLargePagesIndividualAllocation        = false                                  {pd product} {ergonomic}

Logging:
Log output configuration:
 #0: stdout all=warning uptime,level,tags
 #1: stderr all=off uptime,level,tags

Environment Variables:
JAVA_HOME=C:\Program Files\Java\jdk-17
PATH=C:\Users\husuk\AppData\Local\Android\Sdk\platform-tools;C:\Program Files (x86)\Common Files\Oracle\Java\java8path;C:\Program Files (x86)\Common Files\Oracle\Java\javapath;C:\windows\system32;C:\windows;C:\windows\System32\Wbem;C:\windows\System32\WindowsPowerShell\v1.0\;C:\windows\System32\OpenSSH\;C:\Program Files (x86)\NVIDIA Corporation\PhysX\Common;C:\Program Files\NVIDIA Corporation\NVIDIA NvDLISR;C:\WINDOWS\system32;C:\WINDOWS;C:\WINDOWS\System32\Wbem;C:\WINDOWS\System32\WindowsPowerShell\v1.0\;C:\WINDOWS\System32\OpenSSH\;C:\Program Files\Git\cmd;C:\Program Files\Maven\maven-mvnd-1.0.2-windows-amd64\bin;C:\WINDOWS\system32;C:\WINDOWS;C:\WINDOWS\System32\Wbem;C:\WINDOWS\System32\WindowsPowerShell\v1.0\;C:\WINDOWS\System32\OpenSSH\;C:\Program Files\Java\jre1.8.0_451\bin;C:\Program Files\Java\jdk-17\bin;C:\Program Files\Java\jdk-17;C:\Users\husuk\AppData\Local\Android\Sdk;C:\Program Files\dotnet\;C:\Program Files\nodejs\;C:\ProgramData\chocolatey\bin;C:\Program Files\Docker\Docker\resources\bin;C:\Users\husuk\AppData\Local\Programs\Python\Python311\Scripts\;C:\Users\husuk\AppData\Local\Programs\Python\Python311\;C:\Program Files\Java\jdk-17\bin;C:\Users\husuk\AppData\Local\Microsoft\WindowsApps;C:\Program Files\Java\jre1.8.0_451\bin;C:\Program Files\Java\jdk-17\bin;C:\Users\husuk\AppData\Local\Programs\Microsoft VS Code\bin;C:\Users\husuk\AppData\Local\GitHubDesktop\bin;C:\Program Files\Maven\maven-mvnd-1.0.2-windows-amd64\bin;C:\Program Files\Java\jdk-17;C:\Users\husuk\AppData\Local\Android\Sdk\platform-tools;C:\Users\husuk\AppData\Local\Android\Sdk;C:\Users\husuk\.dotnet\tools;C:\Users\husuk\AppData\Roaming\npm;C:\Users\husuk\AppData\Local\Programs\Antigravity\bin;c:\Users\husuk\.antigravity\extensions\vscjava.vscode-java-debug-0.58.5-universal\bundled\scripts\noConfigScripts
USERNAME=husuk
LANG=en_US.UTF-8
OS=Windows_NT
PROCESSOR_IDENTIFIER=Intel64 Family 6 Model 140 Stepping 1, GenuineIntel



---------------  S Y S T E M  ---------------

OS:
 Windows 11 , 64 bit Build 26100 (10.0.26100.7920)
OS uptime: 0 days 2:31 hours
Hyper-V role detected

CPU: total 8 (initial active 8) (4 cores per cpu, 2 threads per core) family 6 model 140 stepping 1 microcode 0xbc, cx8, cmov, fxsr, ht, mmx, 3dnowpref, sse, sse2, sse3, ssse3, sse4.1, sse4.2, popcnt, lzcnt, tsc, tscinvbit, avx, avx2, aes, erms, clmul, bmi1, bmi2, adx, avx512f, avx512dq, avx512cd, avx512bw, avx512vl, sha, fma, vzeroupper, avx512_vpopcntdq, avx512_vpclmulqdq, avx512_vaes, avx512_vnni, clflush, clflushopt, clwb, avx512_vbmi2, avx512_vbmi, hv

Memory: 4k page, system-wide physical 7932M (603M free)
TotalPageFile size 32508M (AvailPageFile size 11M)
current process WorkingSet (physical memory assigned to process): 299M, peak: 308M
current process commit charge ("private bytes"): 340M, peak: 348M

vm_info: Java HotSpot(TM) 64-Bit Server VM (17.0.12+8-LTS-286) for windows-amd64 JRE (17.0.12+8-LTS-286), built on Jun  5 2024 06:46:59 by "mach5one" with MS VC++ 17.6 (VS2022)

END.
